[2024-05-02T09:58:14.791+0200][0.004s] Using G1
[2024-05-02T09:58:14.833+0200][0.046s] Version: 17.0.10+7-Ubuntu-122.04.1 (release)
[2024-05-02T09:58:14.833+0200][0.046s] CPUs: 16 total, 16 available
[2024-05-02T09:58:14.833+0200][0.046s] Memory: 15605M
[2024-05-02T09:58:14.833+0200][0.046s] Large Page Support: Disabled
[2024-05-02T09:58:14.833+0200][0.046s] NUMA Support: Disabled
[2024-05-02T09:58:14.833+0200][0.046s] Compressed Oops: Enabled (32-bit)
[2024-05-02T09:58:14.833+0200][0.047s] Heap Region Size: 1M
[2024-05-02T09:58:14.833+0200][0.047s] Heap Min Capacity: 512M
[2024-05-02T09:58:14.833+0200][0.047s] Heap Initial Capacity: 512M
[2024-05-02T09:58:14.833+0200][0.047s] Heap Max Capacity: 512M
[2024-05-02T09:58:14.833+0200][0.047s] Pre-touch: Enabled
[2024-05-02T09:58:14.833+0200][0.047s] Parallel Workers: 13
[2024-05-02T09:58:14.833+0200][0.047s] Concurrent Workers: 3
[2024-05-02T09:58:14.833+0200][0.047s] Concurrent Refinement Workers: 13
[2024-05-02T09:58:14.833+0200][0.047s] Periodic GC: Disabled
[2024-05-02T09:58:14.837+0200][0.051s] CDS archive(s) mapped at: [0x00007cf08f000000-0x00007cf08fbc7000-0x00007cf08fbc7000), size 12349440, SharedBaseAddress: 0x00007cf08f000000, ArchiveRelocationMode: 1.
[2024-05-02T09:58:14.837+0200][0.051s] Compressed class space mapped at: 0x00007cf090000000-0x00007cf0d0000000, reserved size: 1073741824
[2024-05-02T09:58:14.837+0200][0.051s] Narrow klass base: 0x00007cf08f000000, Narrow klass shift: 0, Narrow klass range: 0x100000000
[2024-05-02T09:58:15.357+0200][0,570s] GC(0) Pause Young (Normal) (G1 Evacuation Pause)
[2024-05-02T09:58:15.357+0200][0,570s] GC(0) Using 12 workers of 13 for evacuation
[2024-05-02T09:58:15.360+0200][0,573s] GC(0)   Pre Evacuate Collection Set: 0,1ms
[2024-05-02T09:58:15.360+0200][0,573s] GC(0)   Merge Heap Roots: 0,1ms
[2024-05-02T09:58:15.360+0200][0,573s] GC(0)   Evacuate Collection Set: 2,3ms
[2024-05-02T09:58:15.360+0200][0,573s] GC(0)   Post Evacuate Collection Set: 0,3ms
[2024-05-02T09:58:15.360+0200][0,573s] GC(0)   Other: 0,1ms
[2024-05-02T09:58:15.360+0200][0,573s] GC(0) Eden regions: 29->0(49)
[2024-05-02T09:58:15.360+0200][0,573s] GC(0) Survivor regions: 0->4(4)
[2024-05-02T09:58:15.360+0200][0,573s] GC(0) Old regions: 0->7
[2024-05-02T09:58:15.360+0200][0,573s] GC(0) Archive regions: 2->2
[2024-05-02T09:58:15.360+0200][0,573s] GC(0) Humongous regions: 4->4
[2024-05-02T09:58:15.360+0200][0,573s] GC(0) Metaspace: 9111K(9344K)->9111K(9344K) NonClass: 8050K(8192K)->8050K(8192K) Class: 1060K(1152K)->1060K(1152K)
[2024-05-02T09:58:15.360+0200][0,573s] GC(0) Pause Young (Normal) (G1 Evacuation Pause) 33M->15M(512M) 2,984ms
[2024-05-02T09:58:15.360+0200][0,573s] GC(0) User=0,02s Sys=0,00s Real=0,00s
[2024-05-02T09:58:15.819+0200][1,033s] GC(1) Pause Young (Normal) (G1 Evacuation Pause)
[2024-05-02T09:58:15.819+0200][1,033s] GC(1) Using 13 workers of 13 for evacuation
[2024-05-02T09:58:15.822+0200][1,036s] GC(1)   Pre Evacuate Collection Set: 0,1ms
[2024-05-02T09:58:15.822+0200][1,036s] GC(1)   Merge Heap Roots: 0,0ms
[2024-05-02T09:58:15.822+0200][1,036s] GC(1)   Evacuate Collection Set: 2,3ms
[2024-05-02T09:58:15.822+0200][1,036s] GC(1)   Post Evacuate Collection Set: 0,6ms
[2024-05-02T09:58:15.822+0200][1,036s] GC(1)   Other: 0,1ms
[2024-05-02T09:58:15.822+0200][1,036s] GC(1) Eden regions: 49->0(78)
[2024-05-02T09:58:15.822+0200][1,036s] GC(1) Survivor regions: 4->7(7)
[2024-05-02T09:58:15.822+0200][1,036s] GC(1) Old regions: 7->12
[2024-05-02T09:58:15.822+0200][1,036s] GC(1) Archive regions: 2->2
[2024-05-02T09:58:15.822+0200][1,036s] GC(1) Humongous regions: 4->4
[2024-05-02T09:58:15.822+0200][1,036s] GC(1) Metaspace: 17960K(18112K)->17960K(18112K) NonClass: 15876K(15936K)->15876K(15936K) Class: 2083K(2176K)->2083K(2176K)
[2024-05-02T09:58:15.822+0200][1,036s] GC(1) Pause Young (Normal) (G1 Evacuation Pause) 64M->23M(512M) 3,238ms
[2024-05-02T09:58:15.822+0200][1,036s] GC(1) User=0,02s Sys=0,01s Real=0,00s
[2024-05-02T09:58:16.143+0200][1,357s] GC(2) Pause Young (Concurrent Start) (Metadata GC Threshold)
[2024-05-02T09:58:16.143+0200][1,357s] GC(2) Using 13 workers of 13 for evacuation
[2024-05-02T09:58:16.145+0200][1,359s] GC(2)   Pre Evacuate Collection Set: 0,1ms
[2024-05-02T09:58:16.145+0200][1,359s] GC(2)   Merge Heap Roots: 0,0ms
[2024-05-02T09:58:16.145+0200][1,359s] GC(2)   Evacuate Collection Set: 1,4ms
[2024-05-02T09:58:16.145+0200][1,359s] GC(2)   Post Evacuate Collection Set: 0,2ms
[2024-05-02T09:58:16.145+0200][1,359s] GC(2)   Other: 0,2ms
[2024-05-02T09:58:16.145+0200][1,359s] GC(2) Eden regions: 31->0(152)
[2024-05-02T09:58:16.145+0200][1,359s] GC(2) Survivor regions: 7->2(11)
[2024-05-02T09:58:16.145+0200][1,359s] GC(2) Old regions: 12->19
[2024-05-02T09:58:16.145+0200][1,359s] GC(2) Archive regions: 2->2
[2024-05-02T09:58:16.145+0200][1,359s] GC(2) Humongous regions: 4->4
[2024-05-02T09:58:16.145+0200][1,359s] GC(2) Metaspace: 21270K(21504K)->21270K(21504K) NonClass: 18836K(18944K)->18836K(18944K) Class: 2434K(2560K)->2434K(2560K)
[2024-05-02T09:58:16.145+0200][1,359s] GC(2) Pause Young (Concurrent Start) (Metadata GC Threshold) 54M->24M(512M) 2,081ms
[2024-05-02T09:58:16.145+0200][1,359s] GC(2) User=0,02s Sys=0,00s Real=0,00s
[2024-05-02T09:58:16.145+0200][1,359s] GC(3) Concurrent Mark Cycle
[2024-05-02T09:58:16.145+0200][1,359s] GC(3) Concurrent Clear Claimed Marks
[2024-05-02T09:58:16.145+0200][1,359s] GC(3) Concurrent Clear Claimed Marks 0,022ms
[2024-05-02T09:58:16.145+0200][1,359s] GC(3) Concurrent Scan Root Regions
[2024-05-02T09:58:16.147+0200][1,361s] GC(3) Concurrent Scan Root Regions 1,361ms
[2024-05-02T09:58:16.147+0200][1,361s] GC(3) Concurrent Mark
[2024-05-02T09:58:16.147+0200][1,361s] GC(3) Concurrent Mark From Roots
[2024-05-02T09:58:16.147+0200][1,361s] GC(3) Using 3 workers of 3 for marking
[2024-05-02T09:58:16.154+0200][1,367s] GC(3) Concurrent Mark From Roots 6,841ms
[2024-05-02T09:58:16.154+0200][1,367s] GC(3) Concurrent Preclean
[2024-05-02T09:58:16.154+0200][1,368s] GC(3) Concurrent Preclean 0,078ms
[2024-05-02T09:58:16.154+0200][1,368s] GC(3) Pause Remark
[2024-05-02T09:58:16.155+0200][1,369s] GC(3) Pause Remark 25M->25M(512M) 1,351ms
[2024-05-02T09:58:16.155+0200][1,369s] GC(3) User=0,01s Sys=0,00s Real=0,01s
[2024-05-02T09:58:16.155+0200][1,369s] GC(3) Concurrent Mark 8,424ms
[2024-05-02T09:58:16.155+0200][1,369s] GC(3) Concurrent Rebuild Remembered Sets
[2024-05-02T09:58:16.160+0200][1,374s] GC(3) Concurrent Rebuild Remembered Sets 4,681ms
[2024-05-02T09:58:16.160+0200][1,374s] GC(3) Pause Cleanup
[2024-05-02T09:58:16.160+0200][1,374s] GC(3) Pause Cleanup 25M->25M(512M) 0,124ms
[2024-05-02T09:58:16.160+0200][1,374s] GC(3) User=0,00s Sys=0,00s Real=0,00s
[2024-05-02T09:58:16.160+0200][1,374s] GC(3) Concurrent Cleanup for Next Mark
[2024-05-02T09:58:16.161+0200][1,374s] GC(3) Concurrent Cleanup for Next Mark 0,396ms
[2024-05-02T09:58:16.161+0200][1,374s] GC(3) Concurrent Mark Cycle 15,347ms
[2024-05-02T09:58:16.928+0200][2,142s] GC(4) Pause Young (Normal) (G1 Evacuation Pause)
[2024-05-02T09:58:16.928+0200][2,142s] GC(4) Using 13 workers of 13 for evacuation
[2024-05-02T09:58:16.932+0200][2,146s] GC(4)   Pre Evacuate Collection Set: 0,1ms
[2024-05-02T09:58:16.932+0200][2,146s] GC(4)   Merge Heap Roots: 0,1ms
[2024-05-02T09:58:16.932+0200][2,146s] GC(4)   Evacuate Collection Set: 2,9ms
[2024-05-02T09:58:16.932+0200][2,146s] GC(4)   Post Evacuate Collection Set: 0,6ms
[2024-05-02T09:58:16.932+0200][2,146s] GC(4)   Other: 0,2ms
[2024-05-02T09:58:16.932+0200][2,146s] GC(4) Eden regions: 166->0(254)
[2024-05-02T09:58:16.932+0200][2,146s] GC(4) Survivor regions: 2->11(21)
[2024-05-02T09:58:16.932+0200][2,146s] GC(4) Old regions: 19->19
[2024-05-02T09:58:16.932+0200][2,146s] GC(4) Archive regions: 2->2
[2024-05-02T09:58:16.932+0200][2,146s] GC(4) Humongous regions: 6->5
[2024-05-02T09:58:16.932+0200][2,146s] GC(4) Metaspace: 32075K(32384K)->32075K(32384K) NonClass: 28338K(28480K)->28338K(28480K) Class: 3736K(3904K)->3736K(3904K)
[2024-05-02T09:58:16.932+0200][2,146s] GC(4) Pause Young (Normal) (G1 Evacuation Pause) 192M->35M(512M) 4,029ms
[2024-05-02T09:58:16.932+0200][2,146s] GC(4) User=0,04s Sys=0,00s Real=0,00s
[2024-05-02T09:58:17.251+0200][2,465s] GC(5) Pause Young (Concurrent Start) (Metadata GC Threshold)
[2024-05-02T09:58:17.251+0200][2,465s] GC(5) Using 13 workers of 13 for evacuation
[2024-05-02T09:58:17.255+0200][2,468s] GC(5)   Pre Evacuate Collection Set: 0,1ms
[2024-05-02T09:58:17.255+0200][2,468s] GC(5)   Merge Heap Roots: 0,1ms
[2024-05-02T09:58:17.255+0200][2,468s] GC(5)   Evacuate Collection Set: 2,8ms
[2024-05-02T09:58:17.255+0200][2,468s] GC(5)   Post Evacuate Collection Set: 0,4ms
[2024-05-02T09:58:17.255+0200][2,468s] GC(5)   Other: 0,1ms
[2024-05-02T09:58:17.255+0200][2,468s] GC(5) Eden regions: 89->0(295)
[2024-05-02T09:58:17.255+0200][2,468s] GC(5) Survivor regions: 11->12(34)
[2024-05-02T09:58:17.255+0200][2,468s] GC(5) Old regions: 19->19
[2024-05-02T09:58:17.255+0200][2,468s] GC(5) Archive regions: 2->2
[2024-05-02T09:58:17.255+0200][2,468s] GC(5) Humongous regions: 5->5
[2024-05-02T09:58:17.255+0200][2,468s] GC(5) Metaspace: 36036K(36288K)->36036K(36288K) NonClass: 31799K(31936K)->31799K(31936K) Class: 4237K(4352K)->4237K(4352K)
[2024-05-02T09:58:17.255+0200][2,468s] GC(5) Pause Young (Concurrent Start) (Metadata GC Threshold) 124M->36M(512M) 3,530ms
[2024-05-02T09:58:17.255+0200][2,468s] GC(5) User=0,03s Sys=0,00s Real=0,01s
[2024-05-02T09:58:17.255+0200][2,469s] GC(6) Concurrent Mark Cycle
[2024-05-02T09:58:17.255+0200][2,469s] GC(6) Concurrent Clear Claimed Marks
[2024-05-02T09:58:17.255+0200][2,469s] GC(6) Concurrent Clear Claimed Marks 0,017ms
[2024-05-02T09:58:17.255+0200][2,469s] GC(6) Concurrent Scan Root Regions
[2024-05-02T09:58:17.257+0200][2,470s] GC(6) Concurrent Scan Root Regions 1,754ms
[2024-05-02T09:58:17.257+0200][2,470s] GC(6) Concurrent Mark
[2024-05-02T09:58:17.257+0200][2,470s] GC(6) Concurrent Mark From Roots
[2024-05-02T09:58:17.257+0200][2,470s] GC(6) Using 3 workers of 3 for marking
[2024-05-02T09:58:17.266+0200][2,479s] GC(6) Concurrent Mark From Roots 9,032ms
[2024-05-02T09:58:17.266+0200][2,480s] GC(6) Concurrent Preclean
[2024-05-02T09:58:17.266+0200][2,480s] GC(6) Concurrent Preclean 0,119ms
[2024-05-02T09:58:17.266+0200][2,480s] GC(6) Pause Remark
[2024-05-02T09:58:17.267+0200][2,481s] GC(6) Pause Remark 37M->37M(512M) 1,514ms
[2024-05-02T09:58:17.267+0200][2,481s] GC(6) User=0,02s Sys=0,00s Real=0,01s
[2024-05-02T09:58:17.267+0200][2,481s] GC(6) Concurrent Mark 10,822ms
[2024-05-02T09:58:17.267+0200][2,481s] GC(6) Concurrent Rebuild Remembered Sets
[2024-05-02T09:58:17.272+0200][2,485s] GC(6) Concurrent Rebuild Remembered Sets 4,076ms
[2024-05-02T09:58:17.272+0200][2,486s] GC(6) Pause Cleanup
[2024-05-02T09:58:17.272+0200][2,486s] GC(6) Pause Cleanup 37M->37M(512M) 0,115ms
[2024-05-02T09:58:17.272+0200][2,486s] GC(6) User=0,00s Sys=0,00s Real=0,00s
[2024-05-02T09:58:17.272+0200][2,486s] GC(6) Concurrent Cleanup for Next Mark
[2024-05-02T09:58:17.272+0200][2,486s] GC(6) Concurrent Cleanup for Next Mark 0,316ms
[2024-05-02T09:58:17.272+0200][2,486s] GC(6) Concurrent Mark Cycle 17,385ms
[2024-05-02T10:19:26.302+0200][1271,516s] GC(7) Pause Young (Normal) (G1 Evacuation Pause)
[2024-05-02T10:19:26.302+0200][1271,516s] GC(7) Using 13 workers of 13 for evacuation
[2024-05-02T10:19:26.310+0200][1271,524s] GC(7)   Pre Evacuate Collection Set: 0,2ms
[2024-05-02T10:19:26.310+0200][1271,524s] GC(7)   Merge Heap Roots: 0,1ms
[2024-05-02T10:19:26.310+0200][1271,524s] GC(7)   Evacuate Collection Set: 6,1ms
[2024-05-02T10:19:26.310+0200][1271,524s] GC(7)   Post Evacuate Collection Set: 1,5ms
[2024-05-02T10:19:26.310+0200][1271,524s] GC(7)   Other: 0,2ms
[2024-05-02T10:19:26.310+0200][1271,524s] GC(7) Eden regions: 295->0(281)
[2024-05-02T10:19:26.310+0200][1271,524s] GC(7) Survivor regions: 12->26(39)
[2024-05-02T10:19:26.310+0200][1271,524s] GC(7) Old regions: 19->19
[2024-05-02T10:19:26.310+0200][1271,524s] GC(7) Archive regions: 2->2
[2024-05-02T10:19:26.310+0200][1271,524s] GC(7) Humongous regions: 8->8
[2024-05-02T10:19:26.310+0200][1271,524s] GC(7) Metaspace: 45053K(45376K)->45053K(45376K) NonClass: 39771K(39936K)->39771K(39936K) Class: 5282K(5440K)->5282K(5440K)
[2024-05-02T10:19:26.310+0200][1271,524s] GC(7) Pause Young (Normal) (G1 Evacuation Pause) 334M->53M(512M) 8,204ms
[2024-05-02T10:19:26.310+0200][1271,524s] GC(7) User=0,09s Sys=0,00s Real=0,01s
[2024-05-02T11:42:19.375+0200][6244,589s] GC(8) Pause Young (Normal) (G1 Evacuation Pause)
[2024-05-02T11:42:19.375+0200][6244,589s] GC(8) Using 13 workers of 13 for evacuation
[2024-05-02T11:42:19.386+0200][6244,599s] GC(8)   Pre Evacuate Collection Set: 0,3ms
[2024-05-02T11:42:19.386+0200][6244,599s] GC(8)   Merge Heap Roots: 0,2ms
[2024-05-02T11:42:19.386+0200][6244,599s] GC(8)   Evacuate Collection Set: 7,0ms
[2024-05-02T11:42:19.386+0200][6244,599s] GC(8)   Post Evacuate Collection Set: 3,1ms
[2024-05-02T11:42:19.386+0200][6244,599s] GC(8)   Other: 0,2ms
[2024-05-02T11:42:19.386+0200][6244,599s] GC(8) Eden regions: 281->0(272)
[2024-05-02T11:42:19.386+0200][6244,600s] GC(8) Survivor regions: 26->35(39)
[2024-05-02T11:42:19.386+0200][6244,600s] GC(8) Old regions: 19->29
[2024-05-02T11:42:19.386+0200][6244,600s] GC(8) Archive regions: 2->2
[2024-05-02T11:42:19.386+0200][6244,600s] GC(8) Humongous regions: 9->9
[2024-05-02T11:42:19.386+0200][6244,600s] GC(8) Metaspace: 49661K(50048K)->49661K(50048K) NonClass: 44074K(44288K)->44074K(44288K) Class: 5586K(5760K)->5586K(5760K)
[2024-05-02T11:42:19.386+0200][6244,600s] GC(8) Pause Young (Normal) (G1 Evacuation Pause) 335M->72M(512M) 10,988ms
[2024-05-02T11:42:19.386+0200][6244,600s] GC(8) User=0,11s Sys=0,00s Real=0,00s
[2024-05-02T11:50:41.958+0200][6747,172s] Heap
[2024-05-02T11:50:41.958+0200][6747,172s]  garbage-first heap   total 524288K, used 324489K [0x00000000e0000000, 0x0000000100000000)
[2024-05-02T11:50:41.958+0200][6747,172s]   region size 1024K, 250 young (256000K), 35 survivors (35840K)
[2024-05-02T11:50:41.958+0200][6747,172s]  Metaspace       used 50704K, committed 51072K, reserved 1114112K
[2024-05-02T11:50:41.958+0200][6747,172s]   class space    used 5694K, committed 5888K, reserved 1048576K
