[2024-05-02T13:36:35.113+0200][0.007s] Using G1
[2024-05-02T13:36:35.157+0200][0.052s] Version: 17.0.10+7-Ubuntu-122.04.1 (release)
[2024-05-02T13:36:35.157+0200][0.052s] CPUs: 16 total, 16 available
[2024-05-02T13:36:35.157+0200][0.052s] Memory: 15605M
[2024-05-02T13:36:35.158+0200][0.052s] Large Page Support: Disabled
[2024-05-02T13:36:35.158+0200][0.052s] NUMA Support: Disabled
[2024-05-02T13:36:35.158+0200][0.052s] Compressed Oops: Enabled (32-bit)
[2024-05-02T13:36:35.158+0200][0.052s] Heap Region Size: 1M
[2024-05-02T13:36:35.158+0200][0.052s] Heap Min Capacity: 512M
[2024-05-02T13:36:35.158+0200][0.052s] Heap Initial Capacity: 512M
[2024-05-02T13:36:35.158+0200][0.052s] Heap Max Capacity: 512M
[2024-05-02T13:36:35.158+0200][0.052s] Pre-touch: Enabled
[2024-05-02T13:36:35.158+0200][0.052s] Parallel Workers: 13
[2024-05-02T13:36:35.158+0200][0.052s] Concurrent Workers: 3
[2024-05-02T13:36:35.158+0200][0.052s] Concurrent Refinement Workers: 13
[2024-05-02T13:36:35.158+0200][0.052s] Periodic GC: Disabled
[2024-05-02T13:36:35.165+0200][0.060s] CDS archive(s) mapped at: [0x0000753a1b000000-0x0000753a1bbc7000-0x0000753a1bbc7000), size 12349440, SharedBaseAddress: 0x0000753a1b000000, ArchiveRelocationMode: 1.
[2024-05-02T13:36:35.165+0200][0.060s] Compressed class space mapped at: 0x0000753a1c000000-0x0000753a5c000000, reserved size: 1073741824
[2024-05-02T13:36:35.165+0200][0.060s] Narrow klass base: 0x0000753a1b000000, Narrow klass shift: 0, Narrow klass range: 0x100000000
[2024-05-02T13:36:35.871+0200][0,766s] GC(0) Pause Young (Normal) (G1 Evacuation Pause)
[2024-05-02T13:36:35.871+0200][0,766s] GC(0) Using 12 workers of 13 for evacuation
[2024-05-02T13:36:35.877+0200][0,772s] GC(0)   Pre Evacuate Collection Set: 0,1ms
[2024-05-02T13:36:35.877+0200][0,772s] GC(0)   Merge Heap Roots: 0,1ms
[2024-05-02T13:36:35.877+0200][0,772s] GC(0)   Evacuate Collection Set: 5,1ms
[2024-05-02T13:36:35.877+0200][0,772s] GC(0)   Post Evacuate Collection Set: 0,3ms
[2024-05-02T13:36:35.877+0200][0,772s] GC(0)   Other: 0,1ms
[2024-05-02T13:36:35.877+0200][0,772s] GC(0) Eden regions: 29->0(48)
[2024-05-02T13:36:35.877+0200][0,772s] GC(0) Survivor regions: 0->4(4)
[2024-05-02T13:36:35.877+0200][0,772s] GC(0) Old regions: 0->7
[2024-05-02T13:36:35.877+0200][0,772s] GC(0) Archive regions: 2->2
[2024-05-02T13:36:35.877+0200][0,772s] GC(0) Humongous regions: 4->4
[2024-05-02T13:36:35.877+0200][0,772s] GC(0) Metaspace: 9163K(9344K)->9163K(9344K) NonClass: 8093K(8192K)->8093K(8192K) Class: 1070K(1152K)->1070K(1152K)
[2024-05-02T13:36:35.877+0200][0,772s] GC(0) Pause Young (Normal) (G1 Evacuation Pause) 33M->15M(512M) 5,828ms
[2024-05-02T13:36:35.877+0200][0,772s] GC(0) User=0,03s Sys=0,00s Real=0,01s
[2024-05-02T13:36:36.567+0200][1,462s] GC(1) Pause Young (Normal) (G1 Evacuation Pause)
[2024-05-02T13:36:36.567+0200][1,462s] GC(1) Using 13 workers of 13 for evacuation
[2024-05-02T13:36:36.570+0200][1,465s] GC(1)   Pre Evacuate Collection Set: 0,1ms
[2024-05-02T13:36:36.570+0200][1,465s] GC(1)   Merge Heap Roots: 0,1ms
[2024-05-02T13:36:36.570+0200][1,465s] GC(1)   Evacuate Collection Set: 2,5ms
[2024-05-02T13:36:36.570+0200][1,465s] GC(1)   Post Evacuate Collection Set: 0,6ms
[2024-05-02T13:36:36.570+0200][1,465s] GC(1)   Other: 0,1ms
[2024-05-02T13:36:36.570+0200][1,465s] GC(1) Eden regions: 48->0(82)
[2024-05-02T13:36:36.570+0200][1,465s] GC(1) Survivor regions: 4->7(7)
[2024-05-02T13:36:36.570+0200][1,465s] GC(1) Old regions: 7->12
[2024-05-02T13:36:36.570+0200][1,465s] GC(1) Archive regions: 2->2
[2024-05-02T13:36:36.570+0200][1,465s] GC(1) Humongous regions: 4->4
[2024-05-02T13:36:36.570+0200][1,465s] GC(1) Metaspace: 17891K(18048K)->17891K(18048K) NonClass: 15815K(15872K)->15815K(15872K) Class: 2075K(2176K)->2075K(2176K)
[2024-05-02T13:36:36.570+0200][1,465s] GC(1) Pause Young (Normal) (G1 Evacuation Pause) 63M->23M(512M) 3,421ms
[2024-05-02T13:36:36.570+0200][1,465s] GC(1) User=0,03s Sys=0,00s Real=0,00s
[2024-05-02T13:36:37.267+0200][2,162s] GC(2) Pause Young (Concurrent Start) (Metadata GC Threshold)
[2024-05-02T13:36:37.267+0200][2,162s] GC(2) Using 13 workers of 13 for evacuation
[2024-05-02T13:36:37.270+0200][2,164s] GC(2)   Pre Evacuate Collection Set: 0,1ms
[2024-05-02T13:36:37.270+0200][2,164s] GC(2)   Merge Heap Roots: 0,1ms
[2024-05-02T13:36:37.270+0200][2,164s] GC(2)   Evacuate Collection Set: 1,8ms
[2024-05-02T13:36:37.270+0200][2,164s] GC(2)   Post Evacuate Collection Set: 0,3ms
[2024-05-02T13:36:37.270+0200][2,164s] GC(2)   Other: 0,3ms
[2024-05-02T13:36:37.270+0200][2,164s] GC(2) Eden regions: 32->0(171)
[2024-05-02T13:36:37.270+0200][2,164s] GC(2) Survivor regions: 7->2(12)
[2024-05-02T13:36:37.270+0200][2,164s] GC(2) Old regions: 12->19
[2024-05-02T13:36:37.270+0200][2,164s] GC(2) Archive regions: 2->2
[2024-05-02T13:36:37.270+0200][2,164s] GC(2) Humongous regions: 4->4
[2024-05-02T13:36:37.270+0200][2,164s] GC(2) Metaspace: 21269K(21504K)->21269K(21504K) NonClass: 18839K(18944K)->18839K(18944K) Class: 2429K(2560K)->2429K(2560K)
[2024-05-02T13:36:37.270+0200][2,164s] GC(2) Pause Young (Concurrent Start) (Metadata GC Threshold) 55M->24M(512M) 2,632ms
[2024-05-02T13:36:37.270+0200][2,164s] GC(2) User=0,02s Sys=0,00s Real=0,00s
[2024-05-02T13:36:37.270+0200][2,165s] GC(3) Concurrent Mark Cycle
[2024-05-02T13:36:37.270+0200][2,165s] GC(3) Concurrent Clear Claimed Marks
[2024-05-02T13:36:37.270+0200][2,165s] GC(3) Concurrent Clear Claimed Marks 0,029ms
[2024-05-02T13:36:37.270+0200][2,165s] GC(3) Concurrent Scan Root Regions
[2024-05-02T13:36:37.272+0200][2,166s] GC(3) Concurrent Scan Root Regions 1,800ms
[2024-05-02T13:36:37.272+0200][2,166s] GC(3) Concurrent Mark
[2024-05-02T13:36:37.272+0200][2,166s] GC(3) Concurrent Mark From Roots
[2024-05-02T13:36:37.272+0200][2,166s] GC(3) Using 3 workers of 3 for marking
[2024-05-02T13:36:37.280+0200][2,174s] GC(3) Concurrent Mark From Roots 8,033ms
[2024-05-02T13:36:37.280+0200][2,175s] GC(3) Concurrent Preclean
[2024-05-02T13:36:37.280+0200][2,175s] GC(3) Concurrent Preclean 0,093ms
[2024-05-02T13:36:37.280+0200][2,175s] GC(3) Pause Remark
[2024-05-02T13:36:37.281+0200][2,176s] GC(3) Pause Remark 25M->25M(512M) 1,510ms
[2024-05-02T13:36:37.282+0200][2,176s] GC(3) User=0,01s Sys=0,00s Real=0,01s
[2024-05-02T13:36:37.282+0200][2,176s] GC(3) Concurrent Mark 9,902ms
[2024-05-02T13:36:37.282+0200][2,176s] GC(3) Concurrent Rebuild Remembered Sets
[2024-05-02T13:36:37.286+0200][2,181s] GC(3) Concurrent Rebuild Remembered Sets 4,623ms
[2024-05-02T13:36:37.286+0200][2,181s] GC(3) Pause Cleanup
[2024-05-02T13:36:37.286+0200][2,181s] GC(3) Pause Cleanup 25M->25M(512M) 0,152ms
[2024-05-02T13:36:37.286+0200][2,181s] GC(3) User=0,00s Sys=0,00s Real=0,00s
[2024-05-02T13:36:37.286+0200][2,181s] GC(3) Concurrent Cleanup for Next Mark
[2024-05-02T13:36:37.287+0200][2,182s] GC(3) Concurrent Cleanup for Next Mark 0,423ms
[2024-05-02T13:36:37.287+0200][2,182s] GC(3) Concurrent Mark Cycle 17,187ms
[2024-05-02T13:36:38.302+0200][3,197s] GC(4) Pause Young (Normal) (G1 Evacuation Pause)
[2024-05-02T13:36:38.302+0200][3,197s] GC(4) Using 13 workers of 13 for evacuation
[2024-05-02T13:36:38.306+0200][3,201s] GC(4)   Pre Evacuate Collection Set: 0,1ms
[2024-05-02T13:36:38.307+0200][3,201s] GC(4)   Merge Heap Roots: 0,1ms
[2024-05-02T13:36:38.307+0200][3,201s] GC(4)   Evacuate Collection Set: 3,5ms
[2024-05-02T13:36:38.307+0200][3,201s] GC(4)   Post Evacuate Collection Set: 0,5ms
[2024-05-02T13:36:38.307+0200][3,201s] GC(4)   Other: 0,2ms
[2024-05-02T13:36:38.307+0200][3,201s] GC(4) Eden regions: 188->0(259)
[2024-05-02T13:36:38.307+0200][3,201s] GC(4) Survivor regions: 2->13(24)
[2024-05-02T13:36:38.307+0200][3,201s] GC(4) Old regions: 19->19
[2024-05-02T13:36:38.307+0200][3,201s] GC(4) Archive regions: 2->2
[2024-05-02T13:36:38.307+0200][3,201s] GC(4) Humongous regions: 7->5
[2024-05-02T13:36:38.307+0200][3,201s] GC(4) Metaspace: 33730K(33984K)->33730K(33984K) NonClass: 29738K(29888K)->29738K(29888K) Class: 3991K(4096K)->3991K(4096K)
[2024-05-02T13:36:38.307+0200][3,201s] GC(4) Pause Young (Normal) (G1 Evacuation Pause) 215M->37M(512M) 4,567ms
[2024-05-02T13:36:38.307+0200][3,201s] GC(4) User=0,06s Sys=0,00s Real=0,00s
[2024-05-02T13:36:38.585+0200][3,480s] GC(5) Pause Young (Concurrent Start) (Metadata GC Threshold)
[2024-05-02T13:36:38.585+0200][3,480s] GC(5) Using 13 workers of 13 for evacuation
[2024-05-02T13:36:38.589+0200][3,484s] GC(5)   Pre Evacuate Collection Set: 0,2ms
[2024-05-02T13:36:38.590+0200][3,484s] GC(5)   Merge Heap Roots: 0,1ms
[2024-05-02T13:36:38.590+0200][3,484s] GC(5)   Evacuate Collection Set: 3,4ms
[2024-05-02T13:36:38.590+0200][3,484s] GC(5)   Post Evacuate Collection Set: 0,6ms
[2024-05-02T13:36:38.590+0200][3,484s] GC(5)   Other: 0,3ms
[2024-05-02T13:36:38.590+0200][3,484s] GC(5) Eden regions: 251->0(293)
[2024-05-02T13:36:38.590+0200][3,484s] GC(5) Survivor regions: 13->14(34)
[2024-05-02T13:36:38.590+0200][3,484s] GC(5) Old regions: 19->19
[2024-05-02T13:36:38.590+0200][3,484s] GC(5) Archive regions: 2->2
[2024-05-02T13:36:38.590+0200][3,484s] GC(5) Humongous regions: 5->5
[2024-05-02T13:36:38.590+0200][3,484s] GC(5) Metaspace: 35822K(36096K)->35822K(36096K) NonClass: 31612K(31744K)->31612K(31744K) Class: 4209K(4352K)->4209K(4352K)
[2024-05-02T13:36:38.590+0200][3,484s] GC(5) Pause Young (Concurrent Start) (Metadata GC Threshold) 287M->38M(512M) 4,562ms
[2024-05-02T13:36:38.590+0200][3,484s] GC(5) User=0,05s Sys=0,00s Real=0,00s
[2024-05-02T13:36:38.590+0200][3,485s] GC(6) Concurrent Mark Cycle
[2024-05-02T13:36:38.590+0200][3,485s] GC(6) Concurrent Clear Claimed Marks
[2024-05-02T13:36:38.590+0200][3,485s] GC(6) Concurrent Clear Claimed Marks 0,028ms
[2024-05-02T13:36:38.590+0200][3,485s] GC(6) Concurrent Scan Root Regions
[2024-05-02T13:36:38.592+0200][3,487s] GC(6) Concurrent Scan Root Regions 2,171ms
[2024-05-02T13:36:38.592+0200][3,487s] GC(6) Concurrent Mark
[2024-05-02T13:36:38.592+0200][3,487s] GC(6) Concurrent Mark From Roots
[2024-05-02T13:36:38.592+0200][3,487s] GC(6) Using 3 workers of 3 for marking
[2024-05-02T13:36:38.602+0200][3,496s] GC(6) Concurrent Mark From Roots 9,443ms
[2024-05-02T13:36:38.602+0200][3,496s] GC(6) Concurrent Preclean
[2024-05-02T13:36:38.602+0200][3,496s] GC(6) Concurrent Preclean 0,189ms
[2024-05-02T13:36:38.602+0200][3,497s] GC(6) Pause Remark
[2024-05-02T13:36:38.604+0200][3,498s] GC(6) Pause Remark 40M->40M(512M) 1,751ms
[2024-05-02T13:36:38.604+0200][3,498s] GC(6) User=0,02s Sys=0,00s Real=0,00s
[2024-05-02T13:36:38.604+0200][3,498s] GC(6) Concurrent Mark 11,664ms
[2024-05-02T13:36:38.604+0200][3,499s] GC(6) Concurrent Rebuild Remembered Sets
[2024-05-02T13:36:38.608+0200][3,503s] GC(6) Concurrent Rebuild Remembered Sets 4,443ms
[2024-05-02T13:36:38.608+0200][3,503s] GC(6) Pause Cleanup
[2024-05-02T13:36:38.608+0200][3,503s] GC(6) Pause Cleanup 40M->40M(512M) 0,177ms
[2024-05-02T13:36:38.608+0200][3,503s] GC(6) User=0,00s Sys=0,00s Real=0,00s
[2024-05-02T13:36:38.608+0200][3,503s] GC(6) Concurrent Cleanup for Next Mark
[2024-05-02T13:36:38.609+0200][3,504s] GC(6) Concurrent Cleanup for Next Mark 0,427ms
[2024-05-02T13:36:38.609+0200][3,504s] GC(6) Concurrent Mark Cycle 19,167ms
[2024-05-02T13:55:40.712+0200][1145,607s] GC(7) Pause Young (Normal) (G1 Evacuation Pause)
[2024-05-02T13:55:40.712+0200][1145,607s] GC(7) Using 13 workers of 13 for evacuation
[2024-05-02T13:55:40.720+0200][1145,614s] GC(7)   Pre Evacuate Collection Set: 0,1ms
[2024-05-02T13:55:40.720+0200][1145,615s] GC(7)   Merge Heap Roots: 0,1ms
[2024-05-02T13:55:40.720+0200][1145,615s] GC(7)   Evacuate Collection Set: 5,9ms
[2024-05-02T13:55:40.720+0200][1145,615s] GC(7)   Post Evacuate Collection Set: 0,9ms
[2024-05-02T13:55:40.720+0200][1145,615s] GC(7)   Other: 0,2ms
[2024-05-02T13:55:40.720+0200][1145,615s] GC(7) Eden regions: 293->0(280)
[2024-05-02T13:55:40.720+0200][1145,615s] GC(7) Survivor regions: 14->27(39)
[2024-05-02T13:55:40.720+0200][1145,615s] GC(7) Old regions: 19->19
[2024-05-02T13:55:40.720+0200][1145,615s] GC(7) Archive regions: 2->2
[2024-05-02T13:55:40.720+0200][1145,615s] GC(7) Humongous regions: 5->5
[2024-05-02T13:55:40.720+0200][1145,615s] GC(7) Metaspace: 43737K(44096K)->43737K(44096K) NonClass: 38520K(38720K)->38520K(38720K) Class: 5217K(5376K)->5217K(5376K)
[2024-05-02T13:55:40.720+0200][1145,615s] GC(7) Pause Young (Normal) (G1 Evacuation Pause) 331M->51M(512M) 7,372ms
[2024-05-02T13:55:40.720+0200][1145,615s] GC(7) User=0,10s Sys=0,01s Real=0,01s
[2024-05-02T13:59:10.756+0200][1355,650s] GC(8) Pause Young (Normal) (G1 Evacuation Pause)
[2024-05-02T13:59:10.756+0200][1355,650s] GC(8) Using 13 workers of 13 for evacuation
[2024-05-02T13:59:10.765+0200][1355,659s] GC(8)   Pre Evacuate Collection Set: 0,4ms
[2024-05-02T13:59:10.765+0200][1355,659s] GC(8)   Merge Heap Roots: 0,2ms
[2024-05-02T13:59:10.765+0200][1355,659s] GC(8)   Evacuate Collection Set: 6,3ms
[2024-05-02T13:59:10.765+0200][1355,659s] GC(8)   Post Evacuate Collection Set: 1,8ms
[2024-05-02T13:59:10.765+0200][1355,659s] GC(8)   Other: 0,2ms
[2024-05-02T13:59:10.765+0200][1355,659s] GC(8) Eden regions: 280->0(283)
[2024-05-02T13:59:10.765+0200][1355,659s] GC(8) Survivor regions: 27->24(39)
[2024-05-02T13:59:10.765+0200][1355,659s] GC(8) Old regions: 19->30
[2024-05-02T13:59:10.765+0200][1355,659s] GC(8) Archive regions: 2->2
[2024-05-02T13:59:10.765+0200][1355,659s] GC(8) Humongous regions: 8->8
[2024-05-02T13:59:10.765+0200][1355,659s] GC(8) Metaspace: 49063K(49472K)->49063K(49472K) NonClass: 43357K(43520K)->43357K(43520K) Class: 5706K(5952K)->5706K(5952K)
[2024-05-02T13:59:10.765+0200][1355,659s] GC(8) Pause Young (Normal) (G1 Evacuation Pause) 334M->62M(512M) 8,993ms
[2024-05-02T13:59:10.765+0200][1355,659s] GC(8) User=0,09s Sys=0,00s Real=0,01s
[2024-05-02T13:59:24.093+0200][1368,988s] GC(9) Pause Young (Normal) (G1 Evacuation Pause)
[2024-05-02T13:59:24.093+0200][1368,988s] GC(9) Using 13 workers of 13 for evacuation
[2024-05-02T13:59:24.104+0200][1368,998s] GC(9)   Pre Evacuate Collection Set: 0,2ms
[2024-05-02T13:59:24.104+0200][1368,998s] GC(9)   Merge Heap Roots: 0,2ms
[2024-05-02T13:59:24.104+0200][1368,998s] GC(9)   Evacuate Collection Set: 7,3ms
[2024-05-02T13:59:24.104+0200][1368,998s] GC(9)   Post Evacuate Collection Set: 2,6ms
[2024-05-02T13:59:24.104+0200][1368,999s] GC(9)   Other: 0,2ms
[2024-05-02T13:59:24.104+0200][1368,999s] GC(9) Eden regions: 283->0(274)
[2024-05-02T13:59:24.104+0200][1368,999s] GC(9) Survivor regions: 24->33(39)
[2024-05-02T13:59:24.104+0200][1368,999s] GC(9) Old regions: 30->42
[2024-05-02T13:59:24.104+0200][1368,999s] GC(9) Archive regions: 2->2
[2024-05-02T13:59:24.104+0200][1368,999s] GC(9) Humongous regions: 19->9
[2024-05-02T13:59:24.104+0200][1368,999s] GC(9) Metaspace: 50780K(51136K)->50780K(51136K) NonClass: 45018K(45184K)->45018K(45184K) Class: 5761K(5952K)->5761K(5952K)
[2024-05-02T13:59:24.104+0200][1368,999s] GC(9) Pause Young (Normal) (G1 Evacuation Pause) 356M->84M(512M) 10,638ms
[2024-05-02T13:59:24.104+0200][1368,999s] GC(9) User=0,12s Sys=0,01s Real=0,01s
[2024-05-02T14:12:33.082+0200][2157,977s] GC(10) Pause Young (Normal) (G1 Evacuation Pause)
[2024-05-02T14:12:33.082+0200][2157,977s] GC(10) Using 13 workers of 13 for evacuation
[2024-05-02T14:12:33.087+0200][2157,982s] GC(10)   Pre Evacuate Collection Set: 0,2ms
[2024-05-02T14:12:33.088+0200][2157,982s] GC(10)   Merge Heap Roots: 0,2ms
[2024-05-02T14:12:33.088+0200][2157,982s] GC(10)   Evacuate Collection Set: 3,7ms
[2024-05-02T14:12:33.088+0200][2157,982s] GC(10)   Post Evacuate Collection Set: 1,0ms
[2024-05-02T14:12:33.088+0200][2157,982s] GC(10)   Other: 0,1ms
[2024-05-02T14:12:33.088+0200][2157,982s] GC(10) Eden regions: 274->0(301)
[2024-05-02T14:12:33.088+0200][2157,982s] GC(10) Survivor regions: 33->6(39)
[2024-05-02T14:12:33.088+0200][2157,982s] GC(10) Old regions: 42->62
[2024-05-02T14:12:33.088+0200][2157,982s] GC(10) Archive regions: 2->2
[2024-05-02T14:12:33.088+0200][2157,982s] GC(10) Humongous regions: 9->8
[2024-05-02T14:12:33.088+0200][2157,982s] GC(10) Metaspace: 54805K(55296K)->54805K(55296K) NonClass: 48656K(48896K)->48656K(48896K) Class: 6149K(6400K)->6149K(6400K)
[2024-05-02T14:12:33.088+0200][2157,982s] GC(10) Pause Young (Normal) (G1 Evacuation Pause) 358M->75M(512M) 5,316ms
[2024-05-02T14:12:33.088+0200][2157,982s] GC(10) User=0,04s Sys=0,00s Real=0,00s
[2024-05-02T14:17:09.818+0200][2434,712s] GC(11) Pause Young (Normal) (G1 Evacuation Pause)
[2024-05-02T14:17:09.818+0200][2434,712s] GC(11) Using 13 workers of 13 for evacuation
[2024-05-02T14:17:09.822+0200][2434,717s] GC(11)   Pre Evacuate Collection Set: 0,2ms
[2024-05-02T14:17:09.822+0200][2434,717s] GC(11)   Merge Heap Roots: 0,2ms
[2024-05-02T14:17:09.822+0200][2434,717s] GC(11)   Evacuate Collection Set: 2,1ms
[2024-05-02T14:17:09.822+0200][2434,717s] GC(11)   Post Evacuate Collection Set: 1,7ms
[2024-05-02T14:17:09.822+0200][2434,717s] GC(11)   Other: 0,2ms
[2024-05-02T14:17:09.822+0200][2434,717s] GC(11) Eden regions: 301->0(299)
[2024-05-02T14:17:09.822+0200][2434,717s] GC(11) Survivor regions: 6->8(39)
[2024-05-02T14:17:09.822+0200][2434,717s] GC(11) Old regions: 62->62
[2024-05-02T14:17:09.822+0200][2434,717s] GC(11) Archive regions: 2->2
[2024-05-02T14:17:09.822+0200][2434,717s] GC(11) Humongous regions: 8->8
[2024-05-02T14:17:09.822+0200][2434,717s] GC(11) Metaspace: 57541K(57984K)->57541K(57984K) NonClass: 51111K(51328K)->51111K(51328K) Class: 6430K(6656K)->6430K(6656K)
[2024-05-02T14:17:09.822+0200][2434,717s] GC(11) Pause Young (Normal) (G1 Evacuation Pause) 376M->77M(512M) 4,340ms
[2024-05-02T14:17:09.822+0200][2434,717s] GC(11) User=0,03s Sys=0,00s Real=0,01s
[2024-05-02T14:18:27.572+0200][2512,467s] GC(12) Pause Young (Normal) (G1 Evacuation Pause)
[2024-05-02T14:18:27.572+0200][2512,467s] GC(12) Using 13 workers of 13 for evacuation
[2024-05-02T14:18:27.576+0200][2512,471s] GC(12)   Pre Evacuate Collection Set: 0,1ms
[2024-05-02T14:18:27.576+0200][2512,471s] GC(12)   Merge Heap Roots: 0,1ms
[2024-05-02T14:18:27.576+0200][2512,471s] GC(12)   Evacuate Collection Set: 2,3ms
[2024-05-02T14:18:27.576+0200][2512,471s] GC(12)   Post Evacuate Collection Set: 1,3ms
[2024-05-02T14:18:27.576+0200][2512,471s] GC(12)   Other: 0,1ms
[2024-05-02T14:18:27.576+0200][2512,471s] GC(12) Eden regions: 299->0(297)
[2024-05-02T14:18:27.576+0200][2512,471s] GC(12) Survivor regions: 8->10(39)
[2024-05-02T14:18:27.576+0200][2512,471s] GC(12) Old regions: 62->62
[2024-05-02T14:18:27.576+0200][2512,471s] GC(12) Archive regions: 2->2
[2024-05-02T14:18:27.576+0200][2512,471s] GC(12) Humongous regions: 8->8
[2024-05-02T14:18:27.576+0200][2512,471s] GC(12) Metaspace: 58875K(59392K)->58875K(59392K) NonClass: 52301K(52544K)->52301K(52544K) Class: 6574K(6848K)->6574K(6848K)
[2024-05-02T14:18:27.576+0200][2512,471s] GC(12) Pause Young (Normal) (G1 Evacuation Pause) 376M->80M(512M) 4,126ms
[2024-05-02T14:18:27.576+0200][2512,471s] GC(12) User=0,03s Sys=0,00s Real=0,01s
[2024-05-02T14:18:29.799+0200][2514,694s] GC(13) Pause Young (Concurrent Start) (Metadata GC Threshold)
[2024-05-02T14:18:29.799+0200][2514,694s] GC(13) Using 13 workers of 13 for evacuation
[2024-05-02T14:18:29.803+0200][2514,698s] GC(13)   Pre Evacuate Collection Set: 0,1ms
[2024-05-02T14:18:29.803+0200][2514,698s] GC(13)   Merge Heap Roots: 0,1ms
[2024-05-02T14:18:29.803+0200][2514,698s] GC(13)   Evacuate Collection Set: 2,7ms
[2024-05-02T14:18:29.803+0200][2514,698s] GC(13)   Post Evacuate Collection Set: 1,0ms
[2024-05-02T14:18:29.803+0200][2514,698s] GC(13)   Other: 0,1ms
[2024-05-02T14:18:29.803+0200][2514,698s] GC(13) Eden regions: 107->0(293)
[2024-05-02T14:18:29.803+0200][2514,698s] GC(13) Survivor regions: 10->14(39)
[2024-05-02T14:18:29.803+0200][2514,698s] GC(13) Old regions: 62->62
[2024-05-02T14:18:29.803+0200][2514,698s] GC(13) Archive regions: 2->2
[2024-05-02T14:18:29.803+0200][2514,698s] GC(13) Humongous regions: 8->8
[2024-05-02T14:18:29.803+0200][2514,698s] GC(13) Metaspace: 59910K(60416K)->59910K(60416K) NonClass: 53207K(53440K)->53207K(53440K) Class: 6702K(6976K)->6702K(6976K)
[2024-05-02T14:18:29.803+0200][2514,698s] GC(13) Pause Young (Concurrent Start) (Metadata GC Threshold) 186M->83M(512M) 4,166ms
[2024-05-02T14:18:29.803+0200][2514,698s] GC(13) User=0,03s Sys=0,00s Real=0,01s
[2024-05-02T14:18:29.803+0200][2514,698s] GC(14) Concurrent Mark Cycle
[2024-05-02T14:18:29.803+0200][2514,698s] GC(14) Concurrent Clear Claimed Marks
[2024-05-02T14:18:29.804+0200][2514,698s] GC(14) Concurrent Clear Claimed Marks 0,056ms
[2024-05-02T14:18:29.804+0200][2514,698s] GC(14) Concurrent Scan Root Regions
[2024-05-02T14:18:29.806+0200][2514,701s] GC(14) Concurrent Scan Root Regions 2,370ms
[2024-05-02T14:18:29.806+0200][2514,701s] GC(14) Concurrent Mark
[2024-05-02T14:18:29.806+0200][2514,701s] GC(14) Concurrent Mark From Roots
[2024-05-02T14:18:29.806+0200][2514,701s] GC(14) Using 3 workers of 3 for marking
[2024-05-02T14:18:29.824+0200][2514,718s] GC(14) Concurrent Mark From Roots 17,597ms
[2024-05-02T14:18:29.824+0200][2514,718s] GC(14) Concurrent Preclean
[2024-05-02T14:18:29.824+0200][2514,719s] GC(14) Concurrent Preclean 0,544ms
[2024-05-02T14:18:29.824+0200][2514,719s] GC(14) Pause Remark
[2024-05-02T14:18:29.833+0200][2514,728s] GC(14) Pause Remark 86M->86M(512M) 9,070ms
[2024-05-02T14:18:29.833+0200][2514,728s] GC(14) User=0,07s Sys=0,00s Real=0,01s
[2024-05-02T14:18:29.834+0200][2514,728s] GC(14) Concurrent Mark 27,589ms
[2024-05-02T14:18:29.834+0200][2514,728s] GC(14) Concurrent Rebuild Remembered Sets
[2024-05-02T14:18:29.846+0200][2514,741s] GC(14) Concurrent Rebuild Remembered Sets 12,131ms
[2024-05-02T14:18:29.846+0200][2514,741s] GC(14) Pause Cleanup
[2024-05-02T14:18:29.846+0200][2514,741s] GC(14) Pause Cleanup 87M->87M(512M) 0,184ms
[2024-05-02T14:18:29.846+0200][2514,741s] GC(14) User=0,00s Sys=0,00s Real=0,00s
[2024-05-02T14:18:29.846+0200][2514,741s] GC(14) Concurrent Cleanup for Next Mark
[2024-05-02T14:18:29.847+0200][2514,741s] GC(14) Concurrent Cleanup for Next Mark 0,362ms
[2024-05-02T14:18:29.847+0200][2514,741s] GC(14) Concurrent Mark Cycle 43,285ms
[2024-05-02T14:22:13.196+0200][2738,090s] GC(15) Pause Young (Prepare Mixed) (G1 Evacuation Pause)
[2024-05-02T14:22:13.196+0200][2738,090s] GC(15) Using 13 workers of 13 for evacuation
[2024-05-02T14:22:13.201+0200][2738,095s] GC(15)   Pre Evacuate Collection Set: 0,2ms
[2024-05-02T14:22:13.201+0200][2738,096s] GC(15)   Merge Heap Roots: 0,1ms
[2024-05-02T14:22:13.201+0200][2738,096s] GC(15)   Evacuate Collection Set: 2,2ms
[2024-05-02T14:22:13.201+0200][2738,096s] GC(15)   Post Evacuate Collection Set: 2,3ms
[2024-05-02T14:22:13.201+0200][2738,096s] GC(15)   Other: 0,1ms
[2024-05-02T14:22:13.201+0200][2738,096s] GC(15) Eden regions: 293->0(10)
[2024-05-02T14:22:13.201+0200][2738,096s] GC(15) Survivor regions: 14->15(39)
[2024-05-02T14:22:13.201+0200][2738,096s] GC(15) Old regions: 62->62
[2024-05-02T14:22:13.201+0200][2738,096s] GC(15) Archive regions: 2->2
[2024-05-02T14:22:13.201+0200][2738,096s] GC(15) Humongous regions: 8->8
[2024-05-02T14:22:13.201+0200][2738,096s] GC(15) Metaspace: 60352K(60800K)->60352K(60800K) NonClass: 53632K(53824K)->53632K(53824K) Class: 6719K(6976K)->6719K(6976K)
[2024-05-02T14:22:13.201+0200][2738,096s] GC(15) Pause Young (Prepare Mixed) (G1 Evacuation Pause) 376M->85M(512M) 5,195ms
[2024-05-02T14:22:13.201+0200][2738,096s] GC(15) User=0,05s Sys=0,00s Real=0,01s
[2024-05-02T14:22:13.203+0200][2738,098s] GC(16) Pause Young (Mixed) (G1 Evacuation Pause)
[2024-05-02T14:22:13.203+0200][2738,098s] GC(16) Using 13 workers of 13 for evacuation
[2024-05-02T14:22:13.206+0200][2738,101s] GC(16)   Pre Evacuate Collection Set: 0,1ms
[2024-05-02T14:22:13.206+0200][2738,101s] GC(16)   Merge Heap Roots: 0,0ms
[2024-05-02T14:22:13.206+0200][2738,101s] GC(16)   Evacuate Collection Set: 2,1ms
[2024-05-02T14:22:13.206+0200][2738,101s] GC(16)   Post Evacuate Collection Set: 0,3ms
[2024-05-02T14:22:13.206+0200][2738,101s] GC(16)   Other: 0,1ms
[2024-05-02T14:22:13.206+0200][2738,101s] GC(16) Eden regions: 10->0(306)
[2024-05-02T14:22:13.206+0200][2738,101s] GC(16) Survivor regions: 15->1(4)
[2024-05-02T14:22:13.206+0200][2738,101s] GC(16) Old regions: 62->65
[2024-05-02T14:22:13.206+0200][2738,101s] GC(16) Archive regions: 2->2
[2024-05-02T14:22:13.206+0200][2738,101s] GC(16) Humongous regions: 8->8
[2024-05-02T14:22:13.206+0200][2738,101s] GC(16) Metaspace: 60352K(60800K)->60352K(60800K) NonClass: 53632K(53824K)->53632K(53824K) Class: 6719K(6976K)->6719K(6976K)
[2024-05-02T14:22:13.206+0200][2738,101s] GC(16) Pause Young (Mixed) (G1 Evacuation Pause) 95M->74M(512M) 2,816ms
[2024-05-02T14:22:13.206+0200][2738,101s] GC(16) User=0,03s Sys=0,00s Real=0,00s
[2024-05-02T14:23:47.462+0200][2832,357s] GC(17) Pause Young (Normal) (G1 Evacuation Pause)
[2024-05-02T14:23:47.463+0200][2832,357s] GC(17) Using 13 workers of 13 for evacuation
[2024-05-02T14:23:47.466+0200][2832,360s] GC(17)   Pre Evacuate Collection Set: 0,1ms
[2024-05-02T14:23:47.466+0200][2832,360s] GC(17)   Merge Heap Roots: 0,3ms
[2024-05-02T14:23:47.466+0200][2832,360s] GC(17)   Evacuate Collection Set: 1,3ms
[2024-05-02T14:23:47.466+0200][2832,360s] GC(17)   Post Evacuate Collection Set: 1,2ms
[2024-05-02T14:23:47.466+0200][2832,360s] GC(17)   Other: 0,2ms
[2024-05-02T14:23:47.466+0200][2832,360s] GC(17) Eden regions: 306->0(302)
[2024-05-02T14:23:47.466+0200][2832,360s] GC(17) Survivor regions: 1->5(39)
[2024-05-02T14:23:47.466+0200][2832,360s] GC(17) Old regions: 65->65
[2024-05-02T14:23:47.466+0200][2832,360s] GC(17) Archive regions: 2->2
[2024-05-02T14:23:47.466+0200][2832,360s] GC(17) Humongous regions: 8->8
[2024-05-02T14:23:47.466+0200][2832,360s] GC(17) Metaspace: 61885K(62400K)->61885K(62400K) NonClass: 55020K(55232K)->55020K(55232K) Class: 6864K(7168K)->6864K(7168K)
[2024-05-02T14:23:47.466+0200][2832,360s] GC(17) Pause Young (Normal) (G1 Evacuation Pause) 380M->77M(512M) 3,212ms
[2024-05-02T14:23:47.466+0200][2832,360s] GC(17) User=0,02s Sys=0,00s Real=0,00s
[2024-05-02T14:36:54.058+0200][3618,953s] GC(18) Pause Young (Normal) (G1 Evacuation Pause)
[2024-05-02T14:36:54.058+0200][3618,953s] GC(18) Using 13 workers of 13 for evacuation
[2024-05-02T14:36:54.063+0200][3618,958s] GC(18)   Pre Evacuate Collection Set: 0,3ms
[2024-05-02T14:36:54.063+0200][3618,958s] GC(18)   Merge Heap Roots: 0,3ms
[2024-05-02T14:36:54.063+0200][3618,958s] GC(18)   Evacuate Collection Set: 2,9ms
[2024-05-02T14:36:54.063+0200][3618,958s] GC(18)   Post Evacuate Collection Set: 1,3ms
[2024-05-02T14:36:54.063+0200][3618,958s] GC(18)   Other: 0,2ms
[2024-05-02T14:36:54.063+0200][3618,958s] GC(18) Eden regions: 302->0(299)
[2024-05-02T14:36:54.063+0200][3618,958s] GC(18) Survivor regions: 5->8(39)
[2024-05-02T14:36:54.063+0200][3618,958s] GC(18) Old regions: 65->65
[2024-05-02T14:36:54.063+0200][3618,958s] GC(18) Archive regions: 2->2
[2024-05-02T14:36:54.063+0200][3618,958s] GC(18) Humongous regions: 8->8
[2024-05-02T14:36:54.063+0200][3618,958s] GC(18) Metaspace: 64897K(65472K)->64897K(65472K) NonClass: 57740K(57984K)->57740K(57984K) Class: 7157K(7488K)->7157K(7488K)
[2024-05-02T14:36:54.063+0200][3618,958s] GC(18) Pause Young (Normal) (G1 Evacuation Pause) 379M->81M(512M) 5,148ms
[2024-05-02T14:36:54.063+0200][3618,958s] GC(18) User=0,05s Sys=0,00s Real=0,01s
[2024-05-02T14:37:15.689+0200][3640,583s] GC(19) Pause Young (Normal) (G1 Evacuation Pause)
[2024-05-02T14:37:15.689+0200][3640,583s] GC(19) Using 13 workers of 13 for evacuation
[2024-05-02T14:37:15.694+0200][3640,588s] GC(19)   Pre Evacuate Collection Set: 0,4ms
[2024-05-02T14:37:15.694+0200][3640,588s] GC(19)   Merge Heap Roots: 0,1ms
[2024-05-02T14:37:15.694+0200][3640,588s] GC(19)   Evacuate Collection Set: 2,7ms
[2024-05-02T14:37:15.694+0200][3640,588s] GC(19)   Post Evacuate Collection Set: 1,6ms
[2024-05-02T14:37:15.694+0200][3640,588s] GC(19)   Other: 0,1ms
[2024-05-02T14:37:15.694+0200][3640,588s] GC(19) Eden regions: 299->0(297)
[2024-05-02T14:37:15.694+0200][3640,588s] GC(19) Survivor regions: 8->10(39)
[2024-05-02T14:37:15.694+0200][3640,588s] GC(19) Old regions: 65->65
[2024-05-02T14:37:15.694+0200][3640,588s] GC(19) Archive regions: 2->2
[2024-05-02T14:37:15.694+0200][3640,588s] GC(19) Humongous regions: 8->8
[2024-05-02T14:37:15.694+0200][3640,588s] GC(19) Metaspace: 66420K(67008K)->66420K(67008K) NonClass: 59117K(59392K)->59117K(59392K) Class: 7302K(7616K)->7302K(7616K)
[2024-05-02T14:37:15.694+0200][3640,588s] GC(19) Pause Young (Normal) (G1 Evacuation Pause) 380M->82M(512M) 5,049ms
[2024-05-02T14:37:15.694+0200][3640,588s] GC(19) User=0,03s Sys=0,00s Real=0,01s
[2024-05-02T14:38:24.930+0200][3709,824s] GC(20) Pause Young (Normal) (G1 Evacuation Pause)
[2024-05-02T14:38:24.930+0200][3709,824s] GC(20) Using 13 workers of 13 for evacuation
[2024-05-02T14:38:24.934+0200][3709,828s] GC(20)   Pre Evacuate Collection Set: 0,1ms
[2024-05-02T14:38:24.934+0200][3709,828s] GC(20)   Merge Heap Roots: 0,1ms
[2024-05-02T14:38:24.934+0200][3709,828s] GC(20)   Evacuate Collection Set: 2,4ms
[2024-05-02T14:38:24.934+0200][3709,828s] GC(20)   Post Evacuate Collection Set: 1,3ms
[2024-05-02T14:38:24.934+0200][3709,828s] GC(20)   Other: 0,1ms
[2024-05-02T14:38:24.934+0200][3709,828s] GC(20) Eden regions: 297->0(295)
[2024-05-02T14:38:24.934+0200][3709,828s] GC(20) Survivor regions: 10->12(39)
[2024-05-02T14:38:24.934+0200][3709,828s] GC(20) Old regions: 65->65
[2024-05-02T14:38:24.934+0200][3709,828s] GC(20) Archive regions: 2->2
[2024-05-02T14:38:24.934+0200][3709,828s] GC(20) Humongous regions: 8->8
[2024-05-02T14:38:24.934+0200][3709,828s] GC(20) Metaspace: 67890K(68544K)->67890K(68544K) NonClass: 60435K(60736K)->60435K(60736K) Class: 7454K(7808K)->7454K(7808K)
[2024-05-02T14:38:24.934+0200][3709,828s] GC(20) Pause Young (Normal) (G1 Evacuation Pause) 379M->85M(512M) 4,192ms
[2024-05-02T14:38:24.934+0200][3709,828s] GC(20) User=0,02s Sys=0,01s Real=0,01s
[2024-05-02T14:57:17.051+0200][4841,946s] GC(21) Pause Young (Normal) (G1 Evacuation Pause)
[2024-05-02T14:57:17.051+0200][4841,946s] GC(21) Using 13 workers of 13 for evacuation
[2024-05-02T14:57:17.057+0200][4841,952s] GC(21)   Pre Evacuate Collection Set: 0,2ms
[2024-05-02T14:57:17.057+0200][4841,952s] GC(21)   Merge Heap Roots: 0,3ms
[2024-05-02T14:57:17.057+0200][4841,952s] GC(21)   Evacuate Collection Set: 3,7ms
[2024-05-02T14:57:17.057+0200][4841,952s] GC(21)   Post Evacuate Collection Set: 1,6ms
[2024-05-02T14:57:17.057+0200][4841,952s] GC(21)   Other: 0,2ms
[2024-05-02T14:57:17.057+0200][4841,952s] GC(21) Eden regions: 295->0(292)
[2024-05-02T14:57:17.057+0200][4841,952s] GC(21) Survivor regions: 12->15(39)
[2024-05-02T14:57:17.057+0200][4841,952s] GC(21) Old regions: 65->65
[2024-05-02T14:57:17.057+0200][4841,952s] GC(21) Archive regions: 2->2
[2024-05-02T14:57:17.057+0200][4841,952s] GC(21) Humongous regions: 8->8
[2024-05-02T14:57:17.057+0200][4841,952s] GC(21) Metaspace: 69795K(70464K)->69795K(70464K) NonClass: 62172K(62464K)->62172K(62464K) Class: 7622K(8000K)->7622K(8000K)
[2024-05-02T14:57:17.057+0200][4841,952s] GC(21) Pause Young (Normal) (G1 Evacuation Pause) 380M->88M(512M) 5,971ms
[2024-05-02T14:57:17.057+0200][4841,952s] GC(21) User=0,04s Sys=0,00s Real=0,01s
[2024-05-02T15:00:18.819+0200][5023,713s] GC(22) Pause Young (Normal) (G1 Evacuation Pause)
[2024-05-02T15:00:18.819+0200][5023,713s] GC(22) Using 13 workers of 13 for evacuation
[2024-05-02T15:00:18.823+0200][5023,718s] GC(22)   Pre Evacuate Collection Set: 0,2ms
[2024-05-02T15:00:18.823+0200][5023,718s] GC(22)   Merge Heap Roots: 0,2ms
[2024-05-02T15:00:18.823+0200][5023,718s] GC(22)   Evacuate Collection Set: 2,9ms
[2024-05-02T15:00:18.823+0200][5023,718s] GC(22)   Post Evacuate Collection Set: 1,4ms
[2024-05-02T15:00:18.823+0200][5023,718s] GC(22)   Other: 0,1ms
[2024-05-02T15:00:18.823+0200][5023,718s] GC(22) Eden regions: 292->0(289)
[2024-05-02T15:00:18.823+0200][5023,718s] GC(22) Survivor regions: 15->18(39)
[2024-05-02T15:00:18.823+0200][5023,718s] GC(22) Old regions: 65->65
[2024-05-02T15:00:18.823+0200][5023,718s] GC(22) Archive regions: 2->2
[2024-05-02T15:00:18.824+0200][5023,718s] GC(22) Humongous regions: 8->8
[2024-05-02T15:00:18.824+0200][5023,718s] GC(22) Metaspace: 70729K(71424K)->70729K(71424K) NonClass: 63008K(63296K)->63008K(63296K) Class: 7721K(8128K)->7721K(8128K)
[2024-05-02T15:00:18.824+0200][5023,718s] GC(22) Pause Young (Normal) (G1 Evacuation Pause) 380M->90M(512M) 4,991ms
[2024-05-02T15:00:18.824+0200][5023,718s] GC(22) User=0,05s Sys=0,00s Real=0,01s
[2024-05-02T15:44:06.670+0200][7514,321s] GC(23) Pause Young (Normal) (G1 Evacuation Pause)
[2024-05-02T15:44:06.670+0200][7514,321s] GC(23) Using 13 workers of 13 for evacuation
[2024-05-02T15:44:06.676+0200][7514,327s] GC(23)   Pre Evacuate Collection Set: 0,3ms
[2024-05-02T15:44:06.676+0200][7514,327s] GC(23)   Merge Heap Roots: 0,3ms
[2024-05-02T15:44:06.676+0200][7514,327s] GC(23)   Evacuate Collection Set: 3,8ms
[2024-05-02T15:44:06.676+0200][7514,327s] GC(23)   Post Evacuate Collection Set: 1,6ms
[2024-05-02T15:44:06.676+0200][7514,327s] GC(23)   Other: 0,2ms
[2024-05-02T15:44:06.676+0200][7514,327s] GC(23) Eden regions: 289->0(289)
[2024-05-02T15:44:06.676+0200][7514,327s] GC(23) Survivor regions: 18->18(39)
[2024-05-02T15:44:06.676+0200][7514,327s] GC(23) Old regions: 65->65
[2024-05-02T15:44:06.676+0200][7514,327s] GC(23) Archive regions: 2->2
[2024-05-02T15:44:06.676+0200][7514,327s] GC(23) Humongous regions: 8->8
[2024-05-02T15:44:06.676+0200][7514,327s] GC(23) Metaspace: 71911K(72640K)->71911K(72640K) NonClass: 64091K(64448K)->64091K(64448K) Class: 7820K(8192K)->7820K(8192K)
[2024-05-02T15:44:06.677+0200][7514,327s] GC(23) Pause Young (Normal) (G1 Evacuation Pause) 379M->90M(512M) 6,326ms
[2024-05-02T15:44:06.677+0200][7514,327s] GC(23) User=0,05s Sys=0,00s Real=0,00s
[2024-05-02T15:44:41.767+0200][7549,418s] GC(24) Pause Young (Normal) (G1 Evacuation Pause)
[2024-05-02T15:44:41.768+0200][7549,418s] GC(24) Using 13 workers of 13 for evacuation
[2024-05-02T15:44:41.776+0200][7549,427s] GC(24)   Pre Evacuate Collection Set: 0,3ms
[2024-05-02T15:44:41.776+0200][7549,427s] GC(24)   Merge Heap Roots: 0,4ms
[2024-05-02T15:44:41.776+0200][7549,427s] GC(24)   Evacuate Collection Set: 5,6ms
[2024-05-02T15:44:41.776+0200][7549,427s] GC(24)   Post Evacuate Collection Set: 2,1ms
[2024-05-02T15:44:41.776+0200][7549,427s] GC(24)   Other: 0,3ms
[2024-05-02T15:44:41.776+0200][7549,427s] GC(24) Eden regions: 289->0(288)
[2024-05-02T15:44:41.776+0200][7549,427s] GC(24) Survivor regions: 18->19(39)
[2024-05-02T15:44:41.776+0200][7549,427s] GC(24) Old regions: 65->65
[2024-05-02T15:44:41.776+0200][7549,427s] GC(24) Archive regions: 2->2
[2024-05-02T15:44:41.776+0200][7549,427s] GC(24) Humongous regions: 8->8
[2024-05-02T15:44:41.776+0200][7549,427s] GC(24) Metaspace: 73480K(74240K)->73480K(74240K) NonClass: 65506K(65856K)->65506K(65856K) Class: 7973K(8384K)->7973K(8384K)
[2024-05-02T15:44:41.776+0200][7549,427s] GC(24) Pause Young (Normal) (G1 Evacuation Pause) 379M->92M(512M) 8,775ms
[2024-05-02T15:44:41.776+0200][7549,427s] GC(24) User=0,08s Sys=0,00s Real=0,00s
[2024-05-02T16:27:16.221+0200][10103,291s] GC(25) Pause Young (Normal) (G1 Evacuation Pause)
[2024-05-02T16:27:16.221+0200][10103,291s] GC(25) Using 13 workers of 13 for evacuation
[2024-05-02T16:27:16.229+0200][10103,298s] GC(25)   Pre Evacuate Collection Set: 0,1ms
[2024-05-02T16:27:16.229+0200][10103,298s] GC(25)   Merge Heap Roots: 0,2ms
[2024-05-02T16:27:16.229+0200][10103,298s] GC(25)   Evacuate Collection Set: 5,0ms
[2024-05-02T16:27:16.229+0200][10103,298s] GC(25)   Post Evacuate Collection Set: 1,7ms
[2024-05-02T16:27:16.229+0200][10103,298s] GC(25)   Other: 0,2ms
[2024-05-02T16:27:16.229+0200][10103,298s] GC(25) Eden regions: 288->0(287)
[2024-05-02T16:27:16.229+0200][10103,298s] GC(25) Survivor regions: 19->20(39)
[2024-05-02T16:27:16.229+0200][10103,298s] GC(25) Old regions: 65->65
[2024-05-02T16:27:16.229+0200][10103,298s] GC(25) Archive regions: 2->2
[2024-05-02T16:27:16.229+0200][10103,298s] GC(25) Humongous regions: 8->8
[2024-05-02T16:27:16.229+0200][10103,298s] GC(25) Metaspace: 75365K(76160K)->75365K(76160K) NonClass: 67237K(67584K)->67237K(67584K) Class: 8127K(8576K)->8127K(8576K)
[2024-05-02T16:27:16.229+0200][10103,298s] GC(25) Pause Young (Normal) (G1 Evacuation Pause) 380M->93M(512M) 7,300ms
[2024-05-02T16:27:16.229+0200][10103,298s] GC(25) User=0,06s Sys=0,00s Real=0,01s
[2024-05-02T16:35:32.311+0200][10599,380s] GC(26) Pause Young (Normal) (G1 Evacuation Pause)
[2024-05-02T16:35:32.311+0200][10599,380s] GC(26) Using 13 workers of 13 for evacuation
[2024-05-02T16:35:32.317+0200][10599,387s] GC(26)   Pre Evacuate Collection Set: 0,2ms
[2024-05-02T16:35:32.317+0200][10599,387s] GC(26)   Merge Heap Roots: 0,1ms
[2024-05-02T16:35:32.317+0200][10599,387s] GC(26)   Evacuate Collection Set: 4,2ms
[2024-05-02T16:35:32.317+0200][10599,387s] GC(26)   Post Evacuate Collection Set: 1,4ms
[2024-05-02T16:35:32.317+0200][10599,387s] GC(26)   Other: 0,2ms
[2024-05-02T16:35:32.317+0200][10599,387s] GC(26) Eden regions: 287->0(287)
[2024-05-02T16:35:32.317+0200][10599,387s] GC(26) Survivor regions: 20->20(39)
[2024-05-02T16:35:32.317+0200][10599,387s] GC(26) Old regions: 65->65
[2024-05-02T16:35:32.317+0200][10599,387s] GC(26) Archive regions: 2->2
[2024-05-02T16:35:32.317+0200][10599,387s] GC(26) Humongous regions: 8->8
[2024-05-02T16:35:32.317+0200][10599,387s] GC(26) Metaspace: 75612K(76416K)->75612K(76416K) NonClass: 67474K(67840K)->67474K(67840K) Class: 8138K(8576K)->8138K(8576K)
[2024-05-02T16:35:32.318+0200][10599,387s] GC(26) Pause Young (Normal) (G1 Evacuation Pause) 380M->93M(512M) 6,368ms
[2024-05-02T16:35:32.318+0200][10599,387s] GC(26) User=0,04s Sys=0,00s Real=0,00s
[2024-05-02T16:57:04.905+0200][11891,974s] GC(27) Pause Young (Normal) (G1 Evacuation Pause)
[2024-05-02T16:57:04.905+0200][11891,974s] GC(27) Using 13 workers of 13 for evacuation
[2024-05-02T16:57:04.911+0200][11891,981s] GC(27)   Pre Evacuate Collection Set: 0,1ms
[2024-05-02T16:57:04.911+0200][11891,981s] GC(27)   Merge Heap Roots: 0,1ms
[2024-05-02T16:57:04.911+0200][11891,981s] GC(27)   Evacuate Collection Set: 3,8ms
[2024-05-02T16:57:04.911+0200][11891,981s] GC(27)   Post Evacuate Collection Set: 2,3ms
[2024-05-02T16:57:04.911+0200][11891,981s] GC(27)   Other: 0,2ms
[2024-05-02T16:57:04.911+0200][11891,981s] GC(27) Eden regions: 287->0(286)
[2024-05-02T16:57:04.912+0200][11891,981s] GC(27) Survivor regions: 20->21(39)
[2024-05-02T16:57:04.912+0200][11891,981s] GC(27) Old regions: 65->65
[2024-05-02T16:57:04.912+0200][11891,981s] GC(27) Archive regions: 2->2
[2024-05-02T16:57:04.912+0200][11891,981s] GC(27) Humongous regions: 8->8
[2024-05-02T16:57:04.912+0200][11891,981s] GC(27) Metaspace: 75695K(76480K)->75695K(76480K) NonClass: 67547K(67904K)->67547K(67904K) Class: 8148K(8576K)->8148K(8576K)
[2024-05-02T16:57:04.912+0200][11891,981s] GC(27) Pause Young (Normal) (G1 Evacuation Pause) 380M->94M(512M) 6,605ms
[2024-05-02T16:57:04.912+0200][11891,981s] GC(27) User=0,05s Sys=0,00s Real=0,01s
[2024-05-02T17:04:25.080+0200][12332,149s] GC(28) Pause Young (Normal) (G1 Evacuation Pause)
[2024-05-02T17:04:25.080+0200][12332,149s] GC(28) Using 13 workers of 13 for evacuation
[2024-05-02T17:04:25.089+0200][12332,158s] GC(28)   Pre Evacuate Collection Set: 0,3ms
[2024-05-02T17:04:25.089+0200][12332,159s] GC(28)   Merge Heap Roots: 0,2ms
[2024-05-02T17:04:25.089+0200][12332,159s] GC(28)   Evacuate Collection Set: 5,6ms
[2024-05-02T17:04:25.089+0200][12332,159s] GC(28)   Post Evacuate Collection Set: 3,1ms
[2024-05-02T17:04:25.089+0200][12332,159s] GC(28)   Other: 0,2ms
[2024-05-02T17:04:25.089+0200][12332,159s] GC(28) Eden regions: 286->0(284)
[2024-05-02T17:04:25.089+0200][12332,159s] GC(28) Survivor regions: 21->23(39)
[2024-05-02T17:04:25.089+0200][12332,159s] GC(28) Old regions: 65->65
[2024-05-02T17:04:25.089+0200][12332,159s] GC(28) Archive regions: 2->2
[2024-05-02T17:04:25.089+0200][12332,159s] GC(28) Humongous regions: 8->8
[2024-05-02T17:04:25.089+0200][12332,159s] GC(28) Metaspace: 77307K(78144K)->77307K(78144K) NonClass: 69013K(69440K)->69013K(69440K) Class: 8293K(8704K)->8293K(8704K)
[2024-05-02T17:04:25.089+0200][12332,159s] GC(28) Pause Young (Normal) (G1 Evacuation Pause) 380M->96M(512M) 9,495ms
[2024-05-02T17:04:25.089+0200][12332,159s] GC(28) User=0,07s Sys=0,00s Real=0,01s
[2024-05-02T17:07:49.011+0200][12536,081s] GC(29) Pause Young (Normal) (G1 Evacuation Pause)
[2024-05-02T17:07:49.011+0200][12536,081s] GC(29) Using 13 workers of 13 for evacuation
[2024-05-02T17:07:49.021+0200][12536,090s] GC(29)   Pre Evacuate Collection Set: 0,2ms
[2024-05-02T17:07:49.021+0200][12536,090s] GC(29)   Merge Heap Roots: 0,2ms
[2024-05-02T17:07:49.021+0200][12536,090s] GC(29)   Evacuate Collection Set: 6,2ms
[2024-05-02T17:07:49.021+0200][12536,090s] GC(29)   Post Evacuate Collection Set: 2,9ms
[2024-05-02T17:07:49.021+0200][12536,090s] GC(29)   Other: 0,2ms
[2024-05-02T17:07:49.021+0200][12536,090s] GC(29) Eden regions: 284->0(286)
[2024-05-02T17:07:49.021+0200][12536,091s] GC(29) Survivor regions: 23->21(39)
[2024-05-02T17:07:49.021+0200][12536,091s] GC(29) Old regions: 65->70
[2024-05-02T17:07:49.021+0200][12536,091s] GC(29) Archive regions: 2->2
[2024-05-02T17:07:49.021+0200][12536,091s] GC(29) Humongous regions: 8->8
[2024-05-02T17:07:49.021+0200][12536,091s] GC(29) Metaspace: 78932K(79808K)->78932K(79808K) NonClass: 70491K(70912K)->70491K(70912K) Class: 8441K(8896K)->8441K(8896K)
[2024-05-02T17:07:49.021+0200][12536,091s] GC(29) Pause Young (Normal) (G1 Evacuation Pause) 380M->98M(512M) 9,921ms
[2024-05-02T17:07:49.021+0200][12536,091s] GC(29) User=0,09s Sys=0,01s Real=0,01s
[2024-05-02T17:20:21.646+0200][13288,715s] GC(30) Pause Young (Normal) (G1 Evacuation Pause)
[2024-05-02T17:20:21.646+0200][13288,715s] GC(30) Using 13 workers of 13 for evacuation
[2024-05-02T17:20:21.653+0200][13288,722s] GC(30)   Pre Evacuate Collection Set: 0,1ms
[2024-05-02T17:20:21.653+0200][13288,722s] GC(30)   Merge Heap Roots: 0,1ms
[2024-05-02T17:20:21.653+0200][13288,722s] GC(30)   Evacuate Collection Set: 4,6ms
[2024-05-02T17:20:21.653+0200][13288,722s] GC(30)   Post Evacuate Collection Set: 1,9ms
[2024-05-02T17:20:21.653+0200][13288,722s] GC(30)   Other: 0,2ms
[2024-05-02T17:20:21.653+0200][13288,722s] GC(30) Eden regions: 286->0(285)
[2024-05-02T17:20:21.653+0200][13288,722s] GC(30) Survivor regions: 21->22(39)
[2024-05-02T17:20:21.653+0200][13288,722s] GC(30) Old regions: 70->70
[2024-05-02T17:20:21.653+0200][13288,722s] GC(30) Archive regions: 2->2
[2024-05-02T17:20:21.653+0200][13288,722s] GC(30) Humongous regions: 8->8
[2024-05-02T17:20:21.653+0200][13288,722s] GC(30) Metaspace: 80402K(81216K)->80402K(81216K) NonClass: 71813K(72192K)->71813K(72192K) Class: 8588K(9024K)->8588K(9024K)
[2024-05-02T17:20:21.653+0200][13288,722s] GC(30) Pause Young (Normal) (G1 Evacuation Pause) 384M->100M(512M) 6,983ms
[2024-05-02T17:20:21.653+0200][13288,722s] GC(30) User=0,06s Sys=0,00s Real=0,01s
[2024-05-03T09:55:55.778+0200][16513,633s] GC(31) Pause Young (Normal) (G1 Evacuation Pause)
[2024-05-03T09:55:55.778+0200][16513,633s] GC(31) Using 13 workers of 13 for evacuation
[2024-05-03T09:55:55.791+0200][16513,646s] GC(31)   Pre Evacuate Collection Set: 0,4ms
[2024-05-03T09:55:55.791+0200][16513,646s] GC(31)   Merge Heap Roots: 0,5ms
[2024-05-03T09:55:55.791+0200][16513,646s] GC(31)   Evacuate Collection Set: 7,9ms
[2024-05-03T09:55:55.791+0200][16513,646s] GC(31)   Post Evacuate Collection Set: 3,4ms
[2024-05-03T09:55:55.791+0200][16513,646s] GC(31)   Other: 0,6ms
[2024-05-03T09:55:55.791+0200][16513,646s] GC(31) Eden regions: 285->0(286)
[2024-05-03T09:55:55.791+0200][16513,646s] GC(31) Survivor regions: 22->21(39)
[2024-05-03T09:55:55.791+0200][16513,646s] GC(31) Old regions: 70->72
[2024-05-03T09:55:55.791+0200][16513,646s] GC(31) Archive regions: 2->2
[2024-05-03T09:55:55.791+0200][16513,646s] GC(31) Humongous regions: 8->8
[2024-05-03T09:55:55.791+0200][16513,646s] GC(31) Metaspace: 82335K(83264K)->82335K(83264K) NonClass: 73586K(74048K)->73586K(74048K) Class: 8749K(9216K)->8749K(9216K)
[2024-05-03T09:55:55.791+0200][16513,646s] GC(31) Pause Young (Normal) (G1 Evacuation Pause) 385M->100M(512M) 12,984ms
[2024-05-03T09:55:55.791+0200][16513,646s] GC(31) User=0,10s Sys=0,00s Real=0,01s
[2024-05-03T11:38:56.489+0200][22694,344s] Heap
[2024-05-03T11:38:56.489+0200][22694,344s]  garbage-first heap   total 524288K, used 376333K [0x00000000e0000000, 0x0000000100000000)
[2024-05-03T11:38:56.489+0200][22694,344s]   region size 1024K, 288 young (294912K), 21 survivors (21504K)
[2024-05-03T11:38:56.489+0200][22694,344s]  Metaspace       used 82564K, committed 83392K, reserved 1179648K
[2024-05-03T11:38:56.489+0200][22694,344s]   class space    used 8765K, committed 9216K, reserved 1048576K
