[2024-05-03T22:48:04.689+0200][0.007s] Using G1
[2024-05-03T22:48:04.732+0200][0.050s] Version: 17.0.10+7-Ubuntu-122.04.1 (release)
[2024-05-03T22:48:04.732+0200][0.050s] CPUs: 16 total, 16 available
[2024-05-03T22:48:04.732+0200][0.050s] Memory: 15605M
[2024-05-03T22:48:04.732+0200][0.050s] Large Page Support: Disabled
[2024-05-03T22:48:04.732+0200][0.050s] NUMA Support: Disabled
[2024-05-03T22:48:04.732+0200][0.050s] Compressed Oops: Enabled (32-bit)
[2024-05-03T22:48:04.732+0200][0.050s] Heap Region Size: 1M
[2024-05-03T22:48:04.732+0200][0.050s] Heap Min Capacity: 512M
[2024-05-03T22:48:04.732+0200][0.050s] Heap Initial Capacity: 512M
[2024-05-03T22:48:04.732+0200][0.050s] Heap Max Capacity: 512M
[2024-05-03T22:48:04.732+0200][0.050s] Pre-touch: Enabled
[2024-05-03T22:48:04.732+0200][0.050s] Parallel Workers: 13
[2024-05-03T22:48:04.732+0200][0.050s] Concurrent Workers: 3
[2024-05-03T22:48:04.732+0200][0.050s] Concurrent Refinement Workers: 13
[2024-05-03T22:48:04.732+0200][0.050s] Periodic GC: Disabled
[2024-05-03T22:48:04.737+0200][0.055s] CDS archive(s) mapped at: [0x00007fdc5b000000-0x00007fdc5bbc7000-0x00007fdc5bbc7000), size 12349440, SharedBaseAddress: 0x00007fdc5b000000, ArchiveRelocationMode: 1.
[2024-05-03T22:48:04.737+0200][0.055s] Compressed class space mapped at: 0x00007fdc5c000000-0x00007fdc9c000000, reserved size: 1073741824
[2024-05-03T22:48:04.737+0200][0.055s] Narrow klass base: 0x00007fdc5b000000, Narrow klass shift: 0, Narrow klass range: 0x100000000
[2024-05-03T22:48:05.297+0200][0,615s] GC(0) Pause Young (Normal) (G1 Evacuation Pause)
[2024-05-03T22:48:05.297+0200][0,615s] GC(0) Using 12 workers of 13 for evacuation
[2024-05-03T22:48:05.300+0200][0,618s] GC(0)   Pre Evacuate Collection Set: 0,1ms
[2024-05-03T22:48:05.300+0200][0,618s] GC(0)   Merge Heap Roots: 0,1ms
[2024-05-03T22:48:05.300+0200][0,618s] GC(0)   Evacuate Collection Set: 2,1ms
[2024-05-03T22:48:05.300+0200][0,618s] GC(0)   Post Evacuate Collection Set: 0,4ms
[2024-05-03T22:48:05.300+0200][0,618s] GC(0)   Other: 0,1ms
[2024-05-03T22:48:05.300+0200][0,618s] GC(0) Eden regions: 29->0(50)
[2024-05-03T22:48:05.300+0200][0,618s] GC(0) Survivor regions: 0->4(4)
[2024-05-03T22:48:05.300+0200][0,618s] GC(0) Old regions: 0->6
[2024-05-03T22:48:05.300+0200][0,618s] GC(0) Archive regions: 2->2
[2024-05-03T22:48:05.300+0200][0,618s] GC(0) Humongous regions: 4->4
[2024-05-03T22:48:05.300+0200][0,618s] GC(0) Metaspace: 9078K(9216K)->9078K(9216K) NonClass: 8022K(8064K)->8022K(8064K) Class: 1056K(1152K)->1056K(1152K)
[2024-05-03T22:48:05.300+0200][0,618s] GC(0) Pause Young (Normal) (G1 Evacuation Pause) 33M->14M(512M) 2,839ms
[2024-05-03T22:48:05.300+0200][0,618s] GC(0) User=0,03s Sys=0,00s Real=0,01s
[2024-05-03T22:48:05.761+0200][1,079s] GC(1) Pause Young (Normal) (G1 Evacuation Pause)
[2024-05-03T22:48:05.761+0200][1,079s] GC(1) Using 13 workers of 13 for evacuation
[2024-05-03T22:48:05.765+0200][1,083s] GC(1)   Pre Evacuate Collection Set: 0,1ms
[2024-05-03T22:48:05.765+0200][1,083s] GC(1)   Merge Heap Roots: 0,1ms
[2024-05-03T22:48:05.765+0200][1,083s] GC(1)   Evacuate Collection Set: 3,1ms
[2024-05-03T22:48:05.765+0200][1,083s] GC(1)   Post Evacuate Collection Set: 0,8ms
[2024-05-03T22:48:05.765+0200][1,083s] GC(1)   Other: 0,1ms
[2024-05-03T22:48:05.765+0200][1,083s] GC(1) Eden regions: 50->0(67)
[2024-05-03T22:48:05.765+0200][1,083s] GC(1) Survivor regions: 4->7(7)
[2024-05-03T22:48:05.765+0200][1,083s] GC(1) Old regions: 6->12
[2024-05-03T22:48:05.765+0200][1,083s] GC(1) Archive regions: 2->2
[2024-05-03T22:48:05.765+0200][1,083s] GC(1) Humongous regions: 4->4
[2024-05-03T22:48:05.765+0200][1,083s] GC(1) Metaspace: 17993K(18240K)->17993K(18240K) NonClass: 15905K(16064K)->15905K(16064K) Class: 2087K(2176K)->2087K(2176K)
[2024-05-03T22:48:05.765+0200][1,083s] GC(1) Pause Young (Normal) (G1 Evacuation Pause) 64M->23M(512M) 4,195ms
[2024-05-03T22:48:05.765+0200][1,083s] GC(1) User=0,04s Sys=0,00s Real=0,00s
[2024-05-03T22:48:06.219+0200][1,536s] GC(2) Pause Young (Concurrent Start) (Metadata GC Threshold)
[2024-05-03T22:48:06.219+0200][1,536s] GC(2) Using 13 workers of 13 for evacuation
[2024-05-03T22:48:06.221+0200][1,539s] GC(2)   Pre Evacuate Collection Set: 0,1ms
[2024-05-03T22:48:06.221+0200][1,539s] GC(2)   Merge Heap Roots: 0,0ms
[2024-05-03T22:48:06.221+0200][1,539s] GC(2)   Evacuate Collection Set: 1,7ms
[2024-05-03T22:48:06.221+0200][1,539s] GC(2)   Post Evacuate Collection Set: 0,3ms
[2024-05-03T22:48:06.221+0200][1,539s] GC(2)   Other: 0,2ms
[2024-05-03T22:48:06.221+0200][1,539s] GC(2) Eden regions: 50->0(116)
[2024-05-03T22:48:06.221+0200][1,539s] GC(2) Survivor regions: 7->2(10)
[2024-05-03T22:48:06.221+0200][1,539s] GC(2) Old regions: 12->19
[2024-05-03T22:48:06.221+0200][1,539s] GC(2) Archive regions: 2->2
[2024-05-03T22:48:06.221+0200][1,539s] GC(2) Humongous regions: 4->4
[2024-05-03T22:48:06.221+0200][1,539s] GC(2) Metaspace: 21264K(21504K)->21264K(21504K) NonClass: 18834K(18944K)->18834K(18944K) Class: 2430K(2560K)->2430K(2560K)
[2024-05-03T22:48:06.221+0200][1,539s] GC(2) Pause Young (Concurrent Start) (Metadata GC Threshold) 73M->24M(512M) 2,506ms
[2024-05-03T22:48:06.221+0200][1,539s] GC(2) User=0,02s Sys=0,00s Real=0,01s
[2024-05-03T22:48:06.221+0200][1,539s] GC(3) Concurrent Mark Cycle
[2024-05-03T22:48:06.221+0200][1,539s] GC(3) Concurrent Clear Claimed Marks
[2024-05-03T22:48:06.221+0200][1,539s] GC(3) Concurrent Clear Claimed Marks 0,021ms
[2024-05-03T22:48:06.221+0200][1,539s] GC(3) Concurrent Scan Root Regions
[2024-05-03T22:48:06.223+0200][1,540s] GC(3) Concurrent Scan Root Regions 1,385ms
[2024-05-03T22:48:06.223+0200][1,540s] GC(3) Concurrent Mark
[2024-05-03T22:48:06.223+0200][1,540s] GC(3) Concurrent Mark From Roots
[2024-05-03T22:48:06.223+0200][1,540s] GC(3) Using 3 workers of 3 for marking
[2024-05-03T22:48:06.229+0200][1,546s] GC(3) Concurrent Mark From Roots 6,004ms
[2024-05-03T22:48:06.229+0200][1,546s] GC(3) Concurrent Preclean
[2024-05-03T22:48:06.229+0200][1,547s] GC(3) Concurrent Preclean 0,065ms
[2024-05-03T22:48:06.229+0200][1,547s] GC(3) Pause Remark
[2024-05-03T22:48:06.230+0200][1,548s] GC(3) Pause Remark 25M->25M(512M) 1,508ms
[2024-05-03T22:48:06.230+0200][1,548s] GC(3) User=0,01s Sys=0,00s Real=0,00s
[2024-05-03T22:48:06.230+0200][1,548s] GC(3) Concurrent Mark 7,820ms
[2024-05-03T22:48:06.230+0200][1,548s] GC(3) Concurrent Rebuild Remembered Sets
[2024-05-03T22:48:06.236+0200][1,554s] GC(3) Concurrent Rebuild Remembered Sets 5,398ms
[2024-05-03T22:48:06.236+0200][1,554s] GC(3) Pause Cleanup
[2024-05-03T22:48:06.236+0200][1,554s] GC(3) Pause Cleanup 25M->25M(512M) 0,280ms
[2024-05-03T22:48:06.236+0200][1,554s] GC(3) User=0,00s Sys=0,00s Real=0,00s
[2024-05-03T22:48:06.236+0200][1,554s] GC(3) Concurrent Cleanup for Next Mark
[2024-05-03T22:48:06.237+0200][1,555s] GC(3) Concurrent Cleanup for Next Mark 0,422ms
[2024-05-03T22:48:06.237+0200][1,555s] GC(3) Concurrent Mark Cycle 15,730ms
[2024-05-03T22:48:06.977+0200][2,295s] GC(4) Pause Young (Normal) (G1 Evacuation Pause)
[2024-05-03T22:48:06.977+0200][2,295s] GC(4) Using 13 workers of 13 for evacuation
[2024-05-03T22:48:06.980+0200][2,298s] GC(4)   Pre Evacuate Collection Set: 0,2ms
[2024-05-03T22:48:06.981+0200][2,298s] GC(4)   Merge Heap Roots: 0,1ms
[2024-05-03T22:48:06.981+0200][2,298s] GC(4)   Evacuate Collection Set: 2,7ms
[2024-05-03T22:48:06.981+0200][2,298s] GC(4)   Post Evacuate Collection Set: 0,6ms
[2024-05-03T22:48:06.981+0200][2,298s] GC(4)   Other: 0,2ms
[2024-05-03T22:48:06.981+0200][2,298s] GC(4) Eden regions: 126->0(170)
[2024-05-03T22:48:06.981+0200][2,298s] GC(4) Survivor regions: 2->12(16)
[2024-05-03T22:48:06.981+0200][2,298s] GC(4) Old regions: 19->19
[2024-05-03T22:48:06.981+0200][2,298s] GC(4) Archive regions: 2->2
[2024-05-03T22:48:06.981+0200][2,298s] GC(4) Humongous regions: 7->5
[2024-05-03T22:48:06.981+0200][2,298s] GC(4) Metaspace: 31138K(31360K)->31138K(31360K) NonClass: 27518K(27648K)->27518K(27648K) Class: 3620K(3712K)->3620K(3712K)
[2024-05-03T22:48:06.981+0200][2,298s] GC(4) Pause Young (Normal) (G1 Evacuation Pause) 153M->36M(512M) 3,830ms
[2024-05-03T22:48:06.981+0200][2,298s] GC(4) User=0,05s Sys=0,00s Real=0,01s
[2024-05-03T22:48:07.092+0200][2,410s] GC(5) Pause Young (Normal) (G1 Evacuation Pause)
[2024-05-03T22:48:07.092+0200][2,410s] GC(5) Using 13 workers of 13 for evacuation
[2024-05-03T22:48:07.096+0200][2,414s] GC(5)   Pre Evacuate Collection Set: 0,2ms
[2024-05-03T22:48:07.096+0200][2,414s] GC(5)   Merge Heap Roots: 0,3ms
[2024-05-03T22:48:07.096+0200][2,414s] GC(5)   Evacuate Collection Set: 2,9ms
[2024-05-03T22:48:07.096+0200][2,414s] GC(5)   Post Evacuate Collection Set: 0,5ms
[2024-05-03T22:48:07.096+0200][2,414s] GC(5)   Other: 0,2ms
[2024-05-03T22:48:07.096+0200][2,414s] GC(5) Eden regions: 170->0(294)
[2024-05-03T22:48:07.096+0200][2,414s] GC(5) Survivor regions: 12->13(23)
[2024-05-03T22:48:07.096+0200][2,414s] GC(5) Old regions: 19->19
[2024-05-03T22:48:07.096+0200][2,414s] GC(5) Archive regions: 2->2
[2024-05-03T22:48:07.096+0200][2,414s] GC(5) Humongous regions: 5->5
[2024-05-03T22:48:07.096+0200][2,414s] GC(5) Metaspace: 32197K(32512K)->32197K(32512K) NonClass: 28458K(28608K)->28458K(28608K) Class: 3739K(3904K)->3739K(3904K)
[2024-05-03T22:48:07.096+0200][2,414s] GC(5) Pause Young (Normal) (G1 Evacuation Pause) 206M->37M(512M) 4,048ms
[2024-05-03T22:48:07.096+0200][2,414s] GC(5) User=0,05s Sys=0,00s Real=0,00s
[2024-05-03T22:48:07.468+0200][2,786s] GC(6) Pause Young (Concurrent Start) (Metadata GC Threshold)
[2024-05-03T22:48:07.468+0200][2,786s] GC(6) Using 13 workers of 13 for evacuation
[2024-05-03T22:48:07.473+0200][2,790s] GC(6)   Pre Evacuate Collection Set: 0,1ms
[2024-05-03T22:48:07.473+0200][2,790s] GC(6)   Merge Heap Roots: 0,1ms
[2024-05-03T22:48:07.473+0200][2,790s] GC(6)   Evacuate Collection Set: 2,8ms
[2024-05-03T22:48:07.473+0200][2,790s] GC(6)   Post Evacuate Collection Set: 1,1ms
[2024-05-03T22:48:07.473+0200][2,790s] GC(6)   Other: 0,2ms
[2024-05-03T22:48:07.473+0200][2,790s] GC(6) Eden regions: 142->0(294)
[2024-05-03T22:48:07.473+0200][2,790s] GC(6) Survivor regions: 13->13(39)
[2024-05-03T22:48:07.473+0200][2,790s] GC(6) Old regions: 19->19
[2024-05-03T22:48:07.473+0200][2,790s] GC(6) Archive regions: 2->2
[2024-05-03T22:48:07.473+0200][2,790s] GC(6) Humongous regions: 5->5
[2024-05-03T22:48:07.473+0200][2,790s] GC(6) Metaspace: 35809K(36096K)->35809K(36096K) NonClass: 31608K(31744K)->31608K(31744K) Class: 4200K(4352K)->4200K(4352K)
[2024-05-03T22:48:07.473+0200][2,791s] GC(6) Pause Young (Concurrent Start) (Metadata GC Threshold) 178M->37M(512M) 4,257ms
[2024-05-03T22:48:07.473+0200][2,791s] GC(6) User=0,04s Sys=0,00s Real=0,00s
[2024-05-03T22:48:07.473+0200][2,791s] GC(7) Concurrent Mark Cycle
[2024-05-03T22:48:07.473+0200][2,791s] GC(7) Concurrent Clear Claimed Marks
[2024-05-03T22:48:07.473+0200][2,791s] GC(7) Concurrent Clear Claimed Marks 0,013ms
[2024-05-03T22:48:07.473+0200][2,791s] GC(7) Concurrent Scan Root Regions
[2024-05-03T22:48:07.475+0200][2,792s] GC(7) Concurrent Scan Root Regions 1,810ms
[2024-05-03T22:48:07.475+0200][2,792s] GC(7) Concurrent Mark
[2024-05-03T22:48:07.475+0200][2,792s] GC(7) Concurrent Mark From Roots
[2024-05-03T22:48:07.475+0200][2,792s] GC(7) Using 3 workers of 3 for marking
[2024-05-03T22:48:07.482+0200][2,799s] GC(7) Concurrent Mark From Roots 6,963ms
[2024-05-03T22:48:07.482+0200][2,799s] GC(7) Concurrent Preclean
[2024-05-03T22:48:07.482+0200][2,800s] GC(7) Concurrent Preclean 0,106ms
[2024-05-03T22:48:07.482+0200][2,800s] GC(7) Pause Remark
[2024-05-03T22:48:07.484+0200][2,802s] GC(7) Pause Remark 38M->38M(512M) 2,387ms
[2024-05-03T22:48:07.484+0200][2,802s] GC(7) User=0,02s Sys=0,00s Real=0,00s
[2024-05-03T22:48:07.484+0200][2,802s] GC(7) Concurrent Mark 9,778ms
[2024-05-03T22:48:07.484+0200][2,802s] GC(7) Concurrent Rebuild Remembered Sets
[2024-05-03T22:48:07.488+0200][2,806s] GC(7) Concurrent Rebuild Remembered Sets 3,905ms
[2024-05-03T22:48:07.488+0200][2,806s] GC(7) Pause Cleanup
[2024-05-03T22:48:07.489+0200][2,807s] GC(7) Pause Cleanup 39M->39M(512M) 0,186ms
[2024-05-03T22:48:07.489+0200][2,807s] GC(7) User=0,00s Sys=0,00s Real=0,00s
[2024-05-03T22:48:07.489+0200][2,807s] GC(7) Concurrent Cleanup for Next Mark
[2024-05-03T22:48:07.489+0200][2,807s] GC(7) Concurrent Cleanup for Next Mark 0,324ms
[2024-05-03T22:48:07.489+0200][2,807s] GC(7) Concurrent Mark Cycle 16,371ms
[2024-05-03T23:07:25.978+0200][1161,296s] Heap
[2024-05-03T23:07:25.978+0200][1161,296s]  garbage-first heap   total 524288K, used 147291K [0x00000000e0000000, 0x0000000100000000)
[2024-05-03T23:07:25.978+0200][1161,296s]   region size 1024K, 119 young (121856K), 13 survivors (13312K)
[2024-05-03T23:07:25.978+0200][1161,296s]  Metaspace       used 43378K, committed 43712K, reserved 1114112K
[2024-05-03T23:07:25.978+0200][1161,296s]   class space    used 5172K, committed 5312K, reserved 1048576K
